Component: ARM Compiler 5.06 update 6 (build 750) Tool: armlink [4d35ed]

==============================================================================

Section Cross References

    led_control.o(i.APP_CtrlLed) refers to device.o(i.rt_device_find) for rt_device_find
    led_control.o(i.APP_CtrlLed) refers to kservice.o(i.rt_kprintf) for rt_kprintf
    led_control.o(i.APP_CtrlLed) refers to device.o(i.rt_device_open) for rt_device_open
    led_control.o(i.APP_CtrlLed) refers to device.o(i.rt_device_control) for rt_device_control
    led_control.o(i.APP_CtrlLed) refers to device.o(i.rt_device_close) for rt_device_close
    led_control.o(i.APP_GetLedsCtrl_MsgHandle) refers to led_control.o(.data) for .data
    led_control.o(i.APP_LedControlTask) refers to led_control.o(i.APP_LedControlTaskInit) for APP_LedControlTaskInit
    led_control.o(i.APP_LedControlTaskEntry) refers to ipc.o(i.rt_mq_recv) for rt_mq_recv
    led_control.o(i.APP_LedControlTaskEntry) refers to led_control.o(i.APP_CtrlLed) for APP_CtrlLed
    led_control.o(i.APP_LedControlTaskEntry) refers to led_control.o(.data) for .data
    led_control.o(i.APP_LedControlTaskInit) refers to thread.o(i.rt_thread_create) for rt_thread_create
    led_control.o(i.APP_LedControlTaskInit) refers to thread.o(i.rt_thread_startup) for rt_thread_startup
    led_control.o(i.APP_LedControlTaskInit) refers to ipc.o(i.rt_mq_create) for rt_mq_create
    led_control.o(i.APP_LedControlTaskInit) refers to kservice.o(i.rt_kprintf) for rt_kprintf
    led_control.o(i.APP_LedControlTaskInit) refers to led_control.o(i.APP_LedControlTaskEntry) for APP_LedControlTaskEntry
    led_control.o(i.APP_LedControlTaskInit) refers to led_control.o(.data) for .data
    all_device.o(i.DEV_AllDeviceInit) refers to led.o(i.DEV_LedsInit) for DEV_LedsInit
    all_device.o(i.DEV_AllDeviceInit) refers to led_control.o(i.APP_LedControlTask) for APP_LedControlTask
    all_device.o(.rti_fn.3) refers to all_device.o(i.DEV_AllDeviceInit) for DEV_AllDeviceInit
    led.o(i.DEV_LedsInit) refers to led.o(i.LedsInit) for LedsInit
    led.o(i.DEV_LedsInit) refers to kservice.o(i.rt_kprintf) for rt_kprintf
    led.o(i.DEV_LedsInit) refers to device.o(i.rt_device_register) for rt_device_register
    led.o(i.DEV_LedsInit) refers to led.o(.constdata) for .constdata
    led.o(i.DEV_LedsInit) refers to led.o(.bss) for .bss
    led.o(i.LedClose) refers to ipc.o(i.rt_mutex_release) for rt_mutex_release
    led.o(i.LedClose) refers to led.o(.data) for .data
    led.o(i.LedControl) refers to stm32f4xx_hal_gpio.o(i.HAL_GPIO_WritePin) for HAL_GPIO_WritePin
    led.o(i.LedOpen) refers to ipc.o(i.rt_mutex_take) for rt_mutex_take
    led.o(i.LedOpen) refers to led.o(.data) for .data
    led.o(i.LedsInit) refers to rt_memclr_w.o(.text) for __aeabi_memclr4
    led.o(i.LedsInit) refers to stm32f4xx_hal_gpio.o(i.HAL_GPIO_WritePin) for HAL_GPIO_WritePin
    led.o(i.LedsInit) refers to stm32f4xx_hal_gpio.o(i.HAL_GPIO_Init) for HAL_GPIO_Init
    led.o(i.LedsInit) refers to ipc.o(i.rt_mutex_create) for rt_mutex_create
    led.o(i.LedsInit) refers to kservice.o(i.rt_kprintf) for rt_kprintf
    led.o(i.LedsInit) refers to led.o(.data) for .data
    led.o(.constdata) refers to led.o(i.LedOpen) for LedOpen
    led.o(.constdata) refers to led.o(i.LedClose) for LedClose
    led.o(.constdata) refers to led.o(i.LedControl) for LedControl
    main.o(i.SystemClock_Config) refers to rt_memclr_w.o(.text) for __aeabi_memclr4
    main.o(i.SystemClock_Config) refers to stm32f4xx_hal_rcc.o(i.HAL_RCC_OscConfig) for HAL_RCC_OscConfig
    main.o(i.SystemClock_Config) refers to kservice.o(i.rt_assert_handler) for rt_assert_handler
    main.o(i.SystemClock_Config) refers to main.o(.constdata) for .constdata
    main.o(i.main) refers to thread.o(i.rt_thread_mdelay) for rt_thread_mdelay
    main.o(i.main) refers to led_control.o(i.APP_GetLedsCtrl_MsgHandle) for APP_GetLedsCtrl_MsgHandle
    main.o(i.main) refers to kservice.o(i.rt_kprintf) for rt_kprintf
    main.o(i.main) refers to clock.o(i.rt_tick_get) for rt_tick_get
    main.o(i.main) refers to ipc.o(i.rt_mq_send) for rt_mq_send
    main.o(i.main) refers to main.o(.data) for .data
    stm32f4xx_hal_msp.o(i.HAL_UART_MspDeInit) refers to stm32f4xx_hal_gpio.o(i.HAL_GPIO_DeInit) for HAL_GPIO_DeInit
    stm32f4xx_hal_msp.o(i.HAL_UART_MspInit) refers to rt_memclr_w.o(.text) for __aeabi_memclr4
    stm32f4xx_hal_msp.o(i.HAL_UART_MspInit) refers to stm32f4xx_hal_gpio.o(i.HAL_GPIO_Init) for HAL_GPIO_Init
    startup_stm32f407xx.o(STACK) refers (Special) to heapauxi.o(.text) for __use_two_region_memory
    startup_stm32f407xx.o(HEAP) refers (Special) to heapauxi.o(.text) for __use_two_region_memory
    startup_stm32f407xx.o(RESET) refers (Special) to heapauxi.o(.text) for __use_two_region_memory
    startup_stm32f407xx.o(RESET) refers to startup_stm32f407xx.o(STACK) for __initial_sp
    startup_stm32f407xx.o(RESET) refers to startup_stm32f407xx.o(.text) for Reset_Handler
[...]
    i.rt_hw_console_output                   0x080018f8   Section        0  board.o(i.rt_hw_console_output)
    i.rt_hw_hard_fault_exception             0x08001940   Section        0  cpuport.o(i.rt_hw_hard_fault_exception)
    i.rt_hw_stack_init                       0x08001b50   Section        0  cpuport.o(i.rt_hw_stack_init)
    i.rt_interrupt_enter                     0x08001b8c   Section        0  irq.o(i.rt_interrupt_enter)
    i.rt_interrupt_get_nest                  0x08001ba8   Section        0  irq.o(i.rt_interrupt_get_nest)
    i.rt_interrupt_leave                     0x08001bc0   Section        0  irq.o(i.rt_interrupt_leave)
    i.rt_kprintf                             0x08001bdc   Section        0  kservice.o(i.rt_kprintf)
    i.rt_list_insert_after                   0x08001c1c   Section        0  object.o(i.rt_list_insert_after)
    rt_list_insert_after                     0x08001c1d   Thumb Code    14  object.o(i.rt_list_insert_after)
    i.rt_list_insert_after                   0x08001c2a   Section        0  timer.o(i.rt_list_insert_after)
    rt_list_insert_after                     0x08001c2b   Thumb Code    14  timer.o(i.rt_list_insert_after)
    i.rt_list_insert_before                  0x08001c38   Section        0  ipc.o(i.rt_list_insert_before)
    rt_list_insert_before                    0x08001c39   Thumb Code    14  ipc.o(i.rt_list_insert_before)
    i.rt_list_remove                         0x08001c46   Section        0  object.o(i.rt_list_remove)
    rt_list_remove                           0x08001c47   Thumb Code    18  object.o(i.rt_list_remove)
    i.rt_list_remove                         0x08001c58   Section        0  thread.o(i.rt_list_remove)
    rt_list_remove                           0x08001c59   Thumb Code    18  thread.o(i.rt_list_remove)
    i.rt_list_remove                         0x08001c6a   Section        0  timer.o(i.rt_list_remove)
    rt_list_remove                           0x08001c6b   Thumb Code    18  timer.o(i.rt_list_remove)
    i.rt_malloc                              0x08001c7c   Section        0  kservice.o(i.rt_malloc)
    i.rt_memcpy                              0x08001ca0   Section        0  kservice.o(i.rt_memcpy)
    i.rt_memheap_alloc                       0x08001cec   Section        0  memheap.o(i.rt_memheap_alloc)
    i.rt_memheap_free                        0x08001e58   Section        0  memheap.o(i.rt_memheap_free)
    i.rt_memheap_init                        0x08002024   Section        0  memheap.o(i.rt_memheap_init)
    i.rt_memset                              0x080020d8   Section        0  kservice.o(i.rt_memset)
    i.rt_mq_create                           0x08002120   Section        0  ipc.o(i.rt_mq_create)
    i.rt_mq_recv                             0x08002240   Section        0  ipc.o(i.rt_mq_recv)
    i.rt_mq_send                             0x080024d4   Section        0  ipc.o(i.rt_mq_send)
    i.rt_mq_send_wait                        0x080024dc   Section        0  ipc.o(i.rt_mq_send_wait)
    i.rt_mutex_create                        0x08002774   Section        0  ipc.o(i.rt_mutex_create)
    i.rt_mutex_init                          0x080027f4   Section        0  ipc.o(i.rt_mutex_init)
    i.rt_mutex_release                       0x08002848   Section        0  ipc.o(i.rt_mutex_release)
    i.rt_mutex_take                          0x080029e0   Section        0  ipc.o(i.rt_mutex_take)
    i.rt_object_allocate                     0x08002bdc   Section        0  object.o(i.rt_object_allocate)
    i.rt_object_delete                       0x08002cac   Section        0  object.o(i.rt_object_delete)
    i.rt_object_detach                       0x08002d38   Section        0  object.o(i.rt_object_detach)
    i.rt_object_find                         0x08002d80   Section        0  object.o(i.rt_object_find)
    i.rt_object_get_information              0x08002e1c   Section        0  object.o(i.rt_object_get_information)
    i.rt_object_get_type                     0x08002e40   Section        0  object.o(i.rt_object_get_type)
    i.rt_object_init                         0x08002e74   Section        0  object.o(i.rt_object_init)
    i.rt_object_is_systemobject              0x08002f18   Section        0  object.o(i.rt_object_is_systemobject)
    i.rt_schedule                            0x08002f50   Section        0  scheduler.o(i.rt_schedule)
    i.rt_schedule_insert_thread              0x08003008   Section        0  scheduler.o(i.rt_schedule_insert_thread)
    i.rt_schedule_remove_thread              0x080030a4   Section        0  scheduler.o(i.rt_schedule_remove_thread)
    i.rt_sem_init                            0x08003114   Section        0  ipc.o(i.rt_sem_init)
    i.rt_sem_release                         0x080031d4   Section        0  ipc.o(i.rt_sem_release)
    i.rt_sem_take                            0x08003258   Section        0  ipc.o(i.rt_sem_take)
    i.rt_set_errno                           0x08003408   Section        0  kservice.o(i.rt_set_errno)
    i.rt_show_version                        0x08003428   Section        0  kservice.o(i.rt_show_version)
    i.rt_sprintf                             0x080034ec   Section        0  kservice.o(i.rt_sprintf)
    i.rt_strlen                              0x080034fe   Section        0  kservice.o(i.rt_strlen)
    i.rt_strncmp                             0x0800350e   Section        0  kservice.o(i.rt_strncmp)
    i.rt_strncpy                             0x0800352e   Section        0  kservice.o(i.rt_strncpy)
    i.rt_system_heap_init                    0x08003554   Section        0  kservice.o(i.rt_system_heap_init)
    i.rt_system_scheduler_init               0x080035c0   Section        0  scheduler.o(i.rt_system_scheduler_init)
    i.rt_system_scheduler_start              0x080035e8   Section        0  scheduler.o(i.rt_system_scheduler_start)
    i.rt_system_timer_init                   0x08003610   Section        0  timer.o(i.rt_system_timer_init)
    i.rt_system_timer_thread_init            0x0800361c   Section        0  timer.o(i.rt_system_timer_thread_init)
    i.rt_thread_control                      0x08003620   Section        0  thread.o(i.rt_thread_control)
    i.rt_thread_create                       0x080036e0   Section        0  thread.o(i.rt_thread_create)
    i.rt_thread_defunct_dequeue              0x08003728   Section        0  idle.o(i.rt_thread_defunct_dequeue)
    i.rt_thread_defunct_enqueue              0x08003758   Section        0  idle.o(i.rt_thread_defunct_enqueue)
    i.rt_thread_delete                       0x08003770   Section        0  thread.o(i.rt_thread_delete)
    i.rt_thread_detach                       0x08003840   Section        0  thread.o(i.rt_thread_detach)
    i.rt_thread_idle_entry                   0x08003904   Section        0  idle.o(i.rt_thread_idle_entry)
    rt_thread_idle_entry                     0x08003905   Thumb Code    50  idle.o(i.rt_thread_idle_entry)
    i.rt_thread_idle_init                    0x08003938   Section        0  idle.o(i.rt_thread_idle_init)
    i.rt_thread_init                         0x0800397c   Section        0  thread.o(i.rt_thread_init)
    i.rt_thread_mdelay                       0x08003a00   Section        0  thread.o(i.rt_thread_mdelay)
    i.rt_thread_resume                       0x08003a10   Section        0  thread.o(i.rt_thread_resume)
    i.rt_thread_self                         0x08003a8c   Section        0  thread.o(i.rt_thread_self)
    i.rt_thread_sleep                        0x08003a98   Section        0  thread.o(i.rt_thread_sleep)
    i.rt_thread_startup                      0x08003b1c   Section        0  thread.o(i.rt_thread_startup)
    i.rt_thread_suspend                      0x08003bd4   Section        0  thread.o(i.rt_thread_suspend)
    i.rt_tick_from_millisecond               0x08003c90   Section        0  clock.o(i.rt_tick_from_millisecond)
    i.rt_tick_get                            0x08003cc4   Section        0  clock.o(i.rt_tick_get)
    i.rt_tick_increase                       0x08003cd0   Section        0  clock.o(i.rt_tick_increase)
    i.rt_timer_check                         0x08003d18   Section        0  timer.o(i.rt_timer_check)
    i.rt_timer_control                       0x08003da4   Section        0  timer.o(i.rt_timer_control)
    i.rt_timer_detach                        0x08003eb0   Section        0  timer.o(i.rt_timer_detach)
    i.rt_timer_init                          0x08003f90   Section        0  timer.o(i.rt_timer_init)
    i.rt_timer_start                         0x08004030   Section        0  timer.o(i.rt_timer_start)
    i.rt_timer_stop                          0x0800412c   Section        0  timer.o(i.rt_timer_stop)
    i.rt_vsnprintf                           0x080041d4   Section        0  kservice.o(i.rt_vsnprintf)
    i.rt_vsprintf                            0x08004458   Section        0  kservice.o(i.rt_vsprintf)
    i.rti_board_end                          0x08004468   Section        0  components.o(i.rti_board_end)
    rti_board_end                            0x08004469   Thumb Code     4  components.o(i.rti_board_end)
    i.rti_board_start                        0x0800446c   Section        0  components.o(i.rti_board_start)
    rti_board_start                          0x0800446d   Thumb Code     4  components.o(i.rti_board_start)
    i.rti_end                                0x08004470   Section        0  components.o(i.rti_end)
    rti_end                                  0x08004471   Thumb Code     4  components.o(i.rti_end)
    i.rti_start                              0x08004474   Section        0  components.o(i.rti_start)
    rti_start                                0x08004475   Thumb Code     4  components.o(i.rti_start)
    i.rtthread_startup                       0x08004478   Section        0  components.o(i.rtthread_startup)
    i.skip_atoi                              0x080044a2   Section        0  kservice.o(i.skip_atoi)
    skip_atoi                                0x080044a3   Thumb Code    40  kservice.o(i.skip_atoi)
    i.uart_init                              0x080044cc   Section        0  board.o(i.uart_init)
    uart_init                                0x080044cd   Thumb Code    42  board.o(i.uart_init)
    x$fpl$fpinit                             0x08004500   Section       10  fpinit.o(x$fpl$fpinit)
    $v0                                      0x08004500   Number         0  fpinit.o(x$fpl$fpinit)
    .constdata                               0x0800450c   Section       24  led.o(.constdata)
    leds                                     0x0800450c   Data          24  led.o(.constdata)
    .constdata                               0x08004524   Section        8  system_stm32f4xx.o(.constdata)
    .constdata                               0x0800452c   Section       20  components.o(.constdata)
    __FUNCTION__                             0x0800452c   Data          20  components.o(.constdata)
    .constdata                               0x08004540   Section      328  ipc.o(.constdata)
    __FUNCTION__                             0x08004540   Data          18  ipc.o(.constdata)
    __FUNCTION__                             0x08004552   Data          12  ipc.o(.constdata)
    __FUNCTION__                             0x0800455e   Data          14  ipc.o(.constdata)
    __FUNCTION__                             0x0800456c   Data          14  ipc.o(.constdata)
    __FUNCTION__                             0x0800457a   Data          14  ipc.o(.constdata)
    __FUNCTION__                             0x08004588   Data          12  ipc.o(.constdata)
    __FUNCTION__                             0x08004594   Data          15  ipc.o(.constdata)
    __FUNCTION__                             0x080045a3   Data          15  ipc.o(.constdata)
    __FUNCTION__                             0x080045b2   Data          14  ipc.o(.constdata)
    __FUNCTION__                             0x080045c0   Data          16  ipc.o(.constdata)
    __FUNCTION__                             0x080045d0   Data          16  ipc.o(.constdata)
    __FUNCTION__                             0x080045e0   Data          16  ipc.o(.constdata)
    __FUNCTION__                             0x080045f0   Data          14  ipc.o(.constdata)
    __FUNCTION__                             0x080045fe   Data          17  ipc.o(.constdata)
    __FUNCTION__                             0x0800460f   Data          17  ipc.o(.constdata)
    __FUNCTION__                             0x08004620   Data          11  ipc.o(.constdata)
    __FUNCTION__                             0x0800462b   Data          13  ipc.o(.constdata)
    __FUNCTION__                             0x08004638   Data          13  ipc.o(.constdata)
    __FUNCTION__                             0x08004645   Data          13  ipc.o(.constdata)
    __FUNCTION__                             0x08004652   Data          16  ipc.o(.constdata)
    __FUNCTION__                             0x08004662   Data          13  ipc.o(.constdata)
    __FUNCTION__                             0x0800466f   Data          11  ipc.o(.constdata)
    __FUNCTION__                             0x0800467a   Data          14  ipc.o(.constdata)
    .constdata                               0x08004688   Section      323  kservice.o(.constdata)
    small_digits                             0x08004788   Data          17  kservice.o(.constdata)
    large_digits                             0x08004799   Data          17  kservice.o(.constdata)
    __FUNCTION__                             0x080047aa   Data          13  kservice.o(.constdata)
    __FUNCTION__                             0x080047b7   Data          20  kservice.o(.constdata)
    .constdata                               0x080047cb   Section       86  memheap.o(.constdata)
    __FUNCTION__                             0x080047cb   Data          16  memheap.o(.constdata)
    __FUNCTION__                             0x080047db   Data          18  memheap.o(.constdata)
    __FUNCTION__                             0x080047ed   Data          17  memheap.o(.constdata)
    __FUNCTION__                             0x080047fe   Data          19  memheap.o(.constdata)
    __FUNCTION__                             0x08004811   Data          16  memheap.o(.constdata)
    .constdata                               0x08004821   Section      128  object.o(.constdata)
    __FUNCTION__                             0x08004821   Data          15  object.o(.constdata)
    __FUNCTION__                             0x08004830   Data          17  object.o(.constdata)
    __FUNCTION__                             0x08004841   Data          19  object.o(.constdata)
    __FUNCTION__                             0x08004854   Data          17  object.o(.constdata)
    __FUNCTION__                             0x08004865   Data          26  object.o(.constdata)
    __FUNCTION__                             0x0800487f   Data          19  object.o(.constdata)
    __FUNCTION__                             0x08004892   Data          15  object.o(.constdata)
    .constdata                               0x080048a1   Section       52  scheduler.o(.constdata)
    __FUNCTION__                             0x080048a1   Data          26  scheduler.o(.constdata)
    __FUNCTION__                             0x080048bb   Data          26  scheduler.o(.constdata)
    .constdata                               0x080048d5   Section      187  thread.o(.constdata)
    __FUNCTION__                             0x080048d5   Data          16  thread.o(.constdata)
    __FUNCTION__                             0x080048e5   Data          13  thread.o(.constdata)
    __FUNCTION__                             0x080048f2   Data          15  thread.o(.constdata)
    __FUNCTION__                             0x08004901   Data          18  thread.o(.constdata)
    __FUNCTION__                             0x08004913   Data          17  thread.o(.constdata)
    __FUNCTION__                             0x08004924   Data          17  thread.o(.constdata)
    __FUNCTION__                             0x08004935   Data          16  thread.o(.constdata)
    __FUNCTION__                             0x08004945   Data          22  thread.o(.constdata)
    __FUNCTION__                             0x0800495b   Data          18  thread.o(.constdata)
    __FUNCTION__                             0x0800496d   Data          18  thread.o(.constdata)
    __FUNCTION__                             0x0800497f   Data          17  thread.o(.constdata)
    .constdata                               0x08004990   Section      108  timer.o(.constdata)
    __FUNCTION__                             0x08004990   Data          14  timer.o(.constdata)
    __FUNCTION__                             0x0800499e   Data          16  timer.o(.constdata)
    __FUNCTION__                             0x080049ae   Data          16  timer.o(.constdata)
    __FUNCTION__                             0x080049be   Data          16  timer.o(.constdata)
    __FUNCTION__                             0x080049ce   Data          15  timer.o(.constdata)
    __FUNCTION__                             0x080049dd   Data          14  timer.o(.constdata)
    __FUNCTION__                             0x080049eb   Data          17  timer.o(.constdata)
    .constdata                               0x080049fc   Section      186  device.o(.constdata)
    __FUNCTION__                             0x080049fc   Data          21  device.o(.constdata)
    __FUNCTION__                             0x08004a11   Data          18  device.o(.constdata)
    __FUNCTION__                             0x08004a23   Data          15  device.o(.constdata)
    __FUNCTION__                             0x08004a32   Data          15  device.o(.constdata)
    __FUNCTION__                             0x08004a41   Data          16  device.o(.constdata)
    __FUNCTION__                             0x08004a51   Data          15  device.o(.constdata)
    __FUNCTION__                             0x08004a60   Data          16  device.o(.constdata)
    __FUNCTION__                             0x08004a70   Data          18  device.o(.constdata)
    __FUNCTION__                             0x08004a82   Data          26  device.o(.constdata)
    __FUNCTION__                             0x08004a9c   Data          26  device.o(.constdata)
    .conststring                             0x08004ab8   Section      211  ipc.o(.conststring)
    .conststring                             0x08004b8c   Section       88  kservice.o(.conststring)
    .conststring                             0x08004be4   Section       66  thread.o(.conststring)
    .rti_fn.0                                0x08004c28   Section        4  components.o(.rti_fn.0)
    __tagsym$$used                           0x08004c28   Number         0  components.o(.rti_fn.0)
    .rti_fn.0.end                            0x08004c2c   Section        4  components.o(.rti_fn.0.end)
    __tagsym$$used                           0x08004c2c   Number         0  components.o(.rti_fn.0.end)
    .rti_fn.1                                0x08004c30   Section        4  board.o(.rti_fn.1)
    __tagsym$$used                           0x08004c30   Number         0  board.o(.rti_fn.1)
    .rti_fn.1.end                            0x08004c34   Section        4  components.o(.rti_fn.1.end)
    __tagsym$$used                           0x08004c34   Number         0  components.o(.rti_fn.1.end)
    .rti_fn.3                                0x08004c38   Section        4  all_device.o(.rti_fn.3)
    __tagsym$$used                           0x08004c38   Number         0  all_device.o(.rti_fn.3)
    .rti_fn.6.end                            0x08004c3c   Section        4  components.o(.rti_fn.6.end)
    __tagsym$$used                           0x08004c3c   Number         0  components.o(.rti_fn.6.end)
    .data                                    0x20000000   Section       12  led_control.o(.data)
    g_ledsCtrl_mqHandle                      0x20000000   Data           4  led_control.o(.data)
    g_ledsCtrl_Tsk                           0x20000004   Data           4  led_control.o(.data)
    g_ledsCtrl_mq                            0x20000008   Data           4  led_control.o(.data)
    .data                                    0x2000000c   Section        4  led.o(.data)
    ledsMutex                                0x2000000c   Data           4  led.o(.data)
    .data                                    0x20000010   Section        4  main.o(.data)
    handle                                   0x20000010   Data           4  main.o(.data)
    .data                                    0x20000014   Section       12  stm32f4xx_hal.o(.data)
    .data                                    0x20000020   Section        4  system_stm32f4xx.o(.data)
    .data                                    0x20000024   Section        4  clock.o(.data)
    rt_tick                                  0x20000024   Data           4  clock.o(.data)
    .data                                    0x20000028   Section        8  idle.o(.data)
    _rt_thread_defunct                       0x20000028   Data           8  idle.o(.data)
    .data                                    0x20000030   Section        1  irq.o(.data)
    .data                                    0x20000034   Section       60  kservice.o(.data)
    _console_device                          0x20000034   Data           4  kservice.o(.data)
    __rt_errno                               0x20000038   Data           4  kservice.o(.data)
    rt_errno_strs                            0x20000040   Data          48  kservice.o(.data)
    .data                                    0x20000070   Section      128  object.o(.data)
    _object_container                        0x20000070   Data         128  object.o(.data)
    .data                                    0x200000f0   Section       12  scheduler.o(.data)
    rt_scheduler_lock_nest                   0x200000f2   Data           2  scheduler.o(.data)
    .data                                    0x200000fc   Section       12  timer.o(.data)
    random_nr                                0x200000fc   Data           4  timer.o(.data)
    _timer_list                              0x20000100   Data           8  timer.o(.data)
    .data                                    0x20000108   Section        4  cpuport.o(.data)
    rt_exception_hook                        0x20000108   Data           4  cpuport.o(.data)
    .data                                    0x2000010c   Section        4  cpuport.o(.data)
    .data                                    0x20000110   Section        4  cpuport.o(.data)
    .data                                    0x20000114   Section        4  cpuport.o(.data)
    .bss                                     0x20000118   Section       44  led.o(.bss)
    g_leds                                   0x20000118   Data          44  led.o(.bss)
    .bss                                     0x20000144   Section      376  idle.o(.bss)
    idle                                     0x20000144   Data         120  idle.o(.bss)
    rt_thread_stack                          0x200001bc   Data         256  idle.o(.bss)
    .bss                                     0x200002bc   Section      268  kservice.o(.bss)
    rt_log_buf                               0x200002bc   Data         128  kservice.o(.bss)
    _lock                                    0x2000033c   Data          36  kservice.o(.bss)
    system_heap                              0x20000360   Data         104  kservice.o(.bss)
    .bss                                     0x200003c8   Section      256  scheduler.o(.bss)
    .bss                                     0x200004c8   Section    15428  board.o(.bss)
    rt_heap                                  0x200004c8   Data       15360  board.o(.bss)
    UartHandle                               0x200040c8   Data          68  board.o(.bss)
    .bss                                     0x2000410c   Section       96  libspace.o(.bss)
    HEAP                                     0x20004170   Section      512  startup_stm32f407xx.o(HEAP)
    Heap_Mem                                 0x20004170   Data         512  startup_stm32f407xx.o(HEAP)
    STACK                                    0x20004370   Section     1024  startup_stm32f407xx.o(STACK)
    Stack_Mem                                0x20004370   Data        1024  startup_stm32f407xx.o(STACK)
    __initial_sp                             0x20004770   Data           0  startup_stm32f407xx.o(STACK)

    Global Symbols

    Symbol Name                              Value     Ov Type        Size  Object(Section)

    BuildAttributes$$THM_ISAv4$E$P$D$K$B$S$7EM$VFPi3$EXTD16$VFPS$VFMA$PE$A:L22UL41UL21$X:L11$S22US41US21$IEEE1$IW$USESV6$~STKCKD$USESV7$~SHL$OSPACE$ROPI$EBA8$UX$STANDARDLIB$REQ8$PRES8$EABIv2 0x00000000   Number         0  anon$$obj.o ABSOLUTE
    __ARM_use_no_argv                        0x00000000   Number         0  main.o ABSOLUTE
    __ARM_exceptions_init                     - Undefined Weak Reference
    __alloca_initialize                       - Undefined Weak Reference
    __arm_preinit_                            - Undefined Weak Reference
    __cpp_initialize__aeabi_                  - Undefined Weak Reference
    __cxa_finalize                            - Undefined Weak Reference
    __rt_locale                               - Undefined Weak Reference
    __sigvec_lookup                           - Undefined Weak Reference
    _atexit_init                              - Undefined Weak Reference
    _call_atexit_fns                          - Undefined Weak Reference
    _clock_init                               - Undefined Weak Reference
    _fp_trap_init                             - Undefined Weak Reference
    _fp_trap_shutdown                         - Undefined Weak Reference
    _get_lc_collate                           - Undefined Weak Reference
    _get_lc_ctype                             - Undefined Weak Reference
    _get_lc_monetary                          - Undefined Weak Reference
    _get_lc_numeric                           - Undefined Weak Reference
    _get_lc_time                              - Undefined Weak Reference
    _getenv_init                              - Undefined Weak Reference
    _handle_redirection                       - Undefined Weak Reference
    _init_alloc                               - Undefined Weak Reference
    _init_user_alloc                          - Undefined Weak Reference
    _initio                                   - Undefined Weak Reference
    _rand_init                                - Undefined Weak Reference
    _signal_finish                            - Undefined Weak Reference
    _signal_init                              - Undefined Weak Reference
    _terminate_alloc                          - Undefined Weak Reference
    _terminate_user_alloc                     - Undefined Weak Reference
    _terminateio                              - Undefined Weak Reference
    __Vectors_Size                           0x00000188   Number         0  startup_stm32f407xx.o ABSOLUTE
    __Vectors                                0x08000000   Data           4  startup_stm32f407xx.o(RESET)
    __Vectors_End                            0x08000188   Data           0  startup_stm32f407xx.o(RESET)
    __main                                   0x08000189   Thumb Code     8  __main.o(!!!main)
    __scatterload                            0x08000191   Thumb Code     0  __scatter.o(!!!scatter)
    __scatterload_rt2                        0x08000191   Thumb Code    44  __scatter.o(!!!scatter)
    __scatterload_rt2_thumb_only             0x08000191   Thumb Code     0  __scatter.o(!!!scatter)
    __scatterload_null                       0x0800019f   Thumb Code     0  __scatter.o(!!!scatter)
    __scatterload_copy                       0x080001c5   Thumb Code    26  __scatter_copy.o(!!handler_copy)
    __scatterload_zeroinit                   0x080001e1   Thumb Code    28  __scatter_zi.o(!!handler_zi)
    __rt_lib_init                            0x080001fd   Thumb Code     0  libinit.o(.ARM.Collect$$libinit$$00000000)
    __rt_lib_init_fp_1                       0x080001ff   Thumb Code     0  libinit2.o(.ARM.Collect$$libinit$$00000001)
    __rt_lib_init_alloca_1                   0x08000203   Thumb Code     0  libinit2.o(.ARM.Collect$$libinit$$0000002E)
    __rt_lib_init_argv_1                     0x08000203   Thumb Code     0  libinit2.o(.ARM.Collect$$libinit$$0000002C)
    __rt_lib_init_atexit_1                   0x08000203   Thumb Code     0  libinit2.o(.ARM.Collect$$libinit$$0000001B)
    __rt_lib_init_clock_1                    0x08000203   Thumb Code     0  libinit2.o(.ARM.Collect$$libinit$$00000021)
    __rt_lib_init_cpp_1                      0x08000203   Thumb Code     0  libinit2.o(.ARM.Collect$$libinit$$00000032)
    __rt_lib_init_exceptions_1               0x08000203   Thumb Code     0  libinit2.o(.ARM.Collect$$libinit$$00000030)
    __rt_lib_init_fp_trap_1                  0x08000203   Thumb Code     0  libinit2.o(.ARM.Collect$$libinit$$0000001F)
    __rt_lib_init_getenv_1                   0x08000203   Thumb Code     0  libinit2.o(.ARM.Collect$$libinit$$00000023)
    __rt_lib_init_heap_1                     0x08000203   Thumb Code     0  libinit2.o(.ARM.Collect$$libinit$$0000000A)
    __rt_lib_init_lc_collate_1               0x08000203   Thumb Code     0  libinit2.o(.ARM.Collect$$libinit$$00000011)
    __rt_lib_init_lc_ctype_1                 0x08000203   Thumb Code     0  libinit2.o(.ARM.Collect$$libinit$$00000013)
    __rt_lib_init_lc_monetary_1              0x08000203   Thumb Code     0  libinit2.o(.ARM.Collect$$libinit$$00000015)
    __rt_lib_init_lc_numeric_1               0x08000203   Thumb Code     0  libinit2.o(.ARM.Collect$$libinit$$00000017)
    __rt_lib_init_lc_time_1                  0x08000203   Thumb Code     0  libinit2.o(.ARM.Collect$$libinit$$00000019)
    __rt_lib_init_preinit_1                  0x08000203   Thumb Code     0  libinit2.o(.ARM.Collect$$libinit$$00000004)
    __rt_lib_init_rand_1                     0x08000203   Thumb Code     0  libinit2.o(.ARM.Collect$$libinit$$0000000E)
    __rt_lib_init_return                     0x08000203   Thumb Code     0  libinit2.o(.ARM.Collect$$libinit$$00000033)
    __rt_lib_init_signal_1                   0x08000203   Thumb Code     0  libinit2.o(.ARM.Collect$$libinit$$0000001D)
    __rt_lib_init_stdio_1                    0x08000203   Thumb Code     0  libinit2.o(.ARM.Collect$$libinit$$00000025)
    __rt_lib_init_user_alloc_1               0x08000203   Thumb Code     0  libinit2.o(.ARM.Collect$$libinit$$0000000C)
    __rt_lib_shutdown                        0x08000205   Thumb Code     0  libshutdown.o(.ARM.Collect$$libshutdown$$00000000)
    __rt_lib_shutdown_cpp_1                  0x08000207   Thumb Code     0  libshutdown2.o(.ARM.Collect$$libshutdown$$00000002)
    __rt_lib_shutdown_fp_trap_1              0x08000207   Thumb Code     0  libshutdown2.o(.ARM.Collect$$libshutdown$$00000007)
    __rt_lib_shutdown_heap_1                 0x08000207   Thumb Code     0  libshutdown2.o(.ARM.Collect$$libshutdown$$0000000F)
    __rt_lib_shutdown_return                 0x08000207   Thumb Code     0  libshutdown2.o(.ARM.Collect$$libshutdown$$00000010)
    __rt_lib_shutdown_signal_1               0x08000207   Thumb Code     0  libshutdown2.o(.ARM.Collect$$libshutdown$$0000000A)
    __rt_lib_shutdown_stdio_1                0x08000207   Thumb Code     0  libshutdown2.o(.ARM.Collect$$libshutdown$$00000004)
    __rt_lib_shutdown_user_alloc_1           0x08000207   Thumb Code     0  libshutdown2.o(.ARM.Collect$$libshutdown$$0000000C)
    __rt_entry                               0x08000209   Thumb Code     0  __rtentry.o(.ARM.Collect$$rtentry$$00000000)
    __rt_entry_presh_1                       0x08000209   Thumb Code     0  __rtentry2.o(.ARM.Collect$$rtentry$$00000002)
    __rt_entry_sh                            0x08000209   Thumb Code     0  __rtentry4.o(.ARM.Collect$$rtentry$$00000004)
    __rt_entry_li                            0x0800020f   Thumb Code     0  __rtentry2.o(.ARM.Collect$$rtentry$$0000000A)
    __rt_entry_postsh_1                      0x0800020f   Thumb Code     0  __rtentry2.o(.ARM.Collect$$rtentry$$00000009)
    __rt_entry_main                          0x08000213   Thumb Code     0  __rtentry2.o(.ARM.Collect$$rtentry$$0000000D)
    __rt_entry_postli_1                      0x08000213   Thumb Code     0  __rtentry2.o(.ARM.Collect$$rtentry$$0000000C)
    __rt_exit                                0x0800021b   Thumb Code     0  rtexit.o(.ARM.Collect$$rtexit$$00000000)
    __rt_exit_ls                             0x0800021d   Thumb Code     0  rtexit2.o(.ARM.Collect$$rtexit$$00000003)
    __rt_exit_prels_1                        0x0800021d   Thumb Code     0  rtexit2.o(.ARM.Collect$$rtexit$$00000002)
    __rt_exit_exit                           0x08000221   Thumb Code     0  rtexit2.o(.ARM.Collect$$rtexit$$00000004)
    Reset_Handler                            0x08000229   Thumb Code     8  startup_stm32f407xx.o(.text)
    SVC_Handler                              0x0800023b   Thumb Code     2  startup_stm32f407xx.o(.text)
    ADC_IRQHandler                           0x08000243   Thumb Code     0  startup_stm32f407xx.o(.text)
    CAN1_RX0_IRQHandler                      0x08000243   Thumb Code     0  startup_stm32f407xx.o(.text)
    CAN1_RX1_IRQHandler                      0x08000243   Thumb Code     0  startup_stm32f407xx.o(.text)
    CAN1_SCE_IRQHandler                      0x08000243   Thumb Code     0  startup_stm32f407xx.o(.text)
    CAN1_TX_IRQHandler                       0x08000243   Thumb Code     0  startup_stm32f407xx.o(.text)
    CAN2_RX0_IRQHandler                      0x08000243   Thumb Code     0  startup_stm32f407xx.o(.text)
    CAN2_RX1_IRQHandler                      0x08000243   Thumb Code     0  startup_stm32f407xx.o(.text)
    CAN2_SCE_IRQHandler                      0x08000243   Thumb Code     0  startup_stm32f407xx.o(.text)
    CAN2_TX_IRQHandler                       0x08000243   Thumb Code     0  startup_stm32f407xx.o(.text)
    DCMI_IRQHandler                          0x08000243   Thumb Code     0  startup_stm32f407xx.o(.text)
    DMA1_Stream0_IRQHandler                  0x08000243   Thumb Code     0  startup_stm32f407xx.o(.text)
    DMA1_Stream1_IRQHandler                  0x08000243   Thumb Code     0  startup_stm32f407xx.o(.text)
    DMA1_Stream2_IRQHandler                  0x08000243   Thumb Code     0  startup_stm32f407xx.o(.text)
    DMA1_Stream3_IRQHandler                  0x08000243   Thumb Code     0  startup_stm32f407xx.o(.text)
    DMA1_Stream4_IRQHandler                  0x08000243   Thumb Code     0  startup_stm32f407xx.o(.text)
    DMA1_Stream5_IRQHandler                  0x08000243   Thumb Code     0  startup_stm32f407xx.o(.text)
    DMA1_Stream6_IRQHandler                  0x08000243   Thumb Code     0  startup_stm32f407xx.o(.text)
    DMA1_Stream7_IRQHandler                  0x08000243   Thumb Code     0  startup_stm32f407xx.o(.text)
    DMA2_Stream0_IRQHandler                  0x08000243   Thumb Code     0  startup_stm32f407xx.o(.text)
    DMA2_Stream1_IRQHandler                  0x08000243   Thumb Code     0  startup_stm32f407xx.o(.text)
    DMA2_Stream2_IRQHandler                  0x08000243   Thumb Code     0  startup_stm32f407xx.o(.text)
    DMA2_Stream3_IRQHandler                  0x08000243   Thumb Code     0  startup_stm32f407xx.o(.text)
    DMA2_Stream4_IRQHandler                  0x08000243   Thumb Code     0  startup_stm32f407xx.o(.text)
    DMA2_Stream5_IRQHandler                  0x08000243   Thumb Code     0  startup_stm32f407xx.o(.text)
    DMA2_Stream6_IRQHandler                  0x08000243   Thumb Code     0  startup_stm32f407xx.o(.text)
    DMA2_Stream7_IRQHandler                  0x08000243   Thumb Code     0  startup_stm32f407xx.o(.text)
    ETH_IRQHandler                           0x08000243   Thumb Code     0  startup_stm32f407xx.o(.text)
    ETH_WKUP_IRQHandler                      0x08000243   Thumb Code     0  startup_stm32f407xx.o(.text)
    EXTI0_IRQHandler                         0x08000243   Thumb Code     0  startup_stm32f407xx.o(.text)
    EXTI15_10_IRQHandler                     0x08000243   Thumb Code     0  startup_stm32f407xx.o(.text)
    EXTI1_IRQHandler                         0x08000243   Thumb Code     0  startup_stm32f407xx.o(.text)
    EXTI2_IRQHandler                         0x08000243   Thumb Code     0  startup_stm32f407xx.o(.text)
    EXTI3_IRQHandler                         0x08000243   Thumb Code     0  startup_stm32f407xx.o(.text)
    EXTI4_IRQHandler                         0x08000243   Thumb Code     0  startup_stm32f407xx.o(.text)
    EXTI9_5_IRQHandler                       0x08000243   Thumb Code     0  startup_stm32f407xx.o(.text)
    FLASH_IRQHandler                         0x08000243   Thumb Code     0  startup_stm32f407xx.o(.text)
    FMC_IRQHandler                           0x08000243   Thumb Code     0  startup_stm32f407xx.o(.text)
    FPU_IRQHandler                           0x08000243   Thumb Code     0  startup_stm32f407xx.o(.text)
    HASH_RNG_IRQHandler                      0x08000243   Thumb Code     0  startup_stm32f407xx.o(.text)
    I2C1_ER_IRQHandler                       0x08000243   Thumb Code     0  startup_stm32f407xx.o(.text)
    I2C1_EV_IRQHandler                       0x08000243   Thumb Code     0  startup_stm32f407xx.o(.text)
    I2C2_ER_IRQHandler                       0x08000243   Thumb Code     0  startup_stm32f407xx.o(.text)
    I2C2_EV_IRQHandler                       0x08000243   Thumb Code     0  startup_stm32f407xx.o(.text)
    I2C3_ER_IRQHandler                       0x08000243   Thumb Code     0  startup_stm32f407xx.o(.text)
    I2C3_EV_IRQHandler                       0x08000243   Thumb Code     0  startup_stm32f407xx.o(.text)
    OTG_FS_IRQHandler                        0x08000243   Thumb Code     0  startup_stm32f407xx.o(.text)
    OTG_FS_WKUP_IRQHandler                   0x08000243   Thumb Code     0  startup_stm32f407xx.o(.text)
    OTG_HS_EP1_IN_IRQHandler                 0x08000243   Thumb Code     0  startup_stm32f407xx.o(.text)
    OTG_HS_EP1_OUT_IRQHandler                0x08000243   Thumb Code     0  startup_stm32f407xx.o(.text)
    OTG_HS_IRQHandler                        0x08000243   Thumb Code     0  startup_stm32f407xx.o(.text)
    OTG_HS_WKUP_IRQHandler                   0x08000243   Thumb Code     0  startup_stm32f407xx.o(.text)
    PVD_IRQHandler                           0x08000243   Thumb Code     0  startup_stm32f407xx.o(.text)
    RCC_IRQHandler                           0x08000243   Thumb Code     0  startup_stm32f407xx.o(.text)
    RTC_Alarm_IRQHandler                     0x08000243   Thumb Code     0  startup_stm32f407xx.o(.text)
    RTC_WKUP_IRQHandler                      0x08000243   Thumb Code     0  startup_stm32f407xx.o(.text)
    SDIO_IRQHandler                          0x08000243   Thumb Code     0  startup_stm32f407xx.o(.text)
    SPI1_IRQHandler                          0x08000243   Thumb Code     0  startup_stm32f407xx.o(.text)
    SPI2_IRQHandler                          0x08000243   Thumb Code     0  startup_stm32f407xx.o(.text)
    SPI3_IRQHandler                          0x08000243   Thumb Code     0  startup_stm32f407xx.o(.text)
    TAMP_STAMP_IRQHandler                    0x08000243   Thumb Code     0  startup_stm32f407xx.o(.text)
    TIM1_BRK_TIM9_IRQHandler                 0x08000243   Thumb Code     0  startup_stm32f407xx.o(.text)
    TIM1_CC_IRQHandler                       0x08000243   Thumb Code     0  startup_stm32f407xx.o(.text)
    TIM1_TRG_COM_TIM11_IRQHandler            0x08000243   Thumb Code     0  startup_stm32f407xx.o(.text)
    TIM1_UP_TIM10_IRQHandler                 0x08000243   Thumb Code     0  startup_stm32f407xx.o(.text)
    TIM2_IRQHandler                          0x08000243   Thumb Code     0  startup_stm32f407xx.o(.text)
    TIM3_IRQHandler                          0x08000243   Thumb Code     0  startup_stm32f407xx.o(.text)
    TIM4_IRQHandler                          0x08000243   Thumb Code     0  startup_stm32f407xx.o(.text)
    TIM5_IRQHandler                          0x08000243   Thumb Code     0  startup_stm32f407xx.o(.text)
    TIM6_DAC_IRQHandler                      0x08000243   Thumb Code     0  startup_stm32f407xx.o(.text)
    TIM7_IRQHandler                          0x08000243   Thumb Code     0  startup_stm32f407xx.o(.text)
    TIM8_BRK_TIM12_IRQHandler                0x08000243   Thumb Code     0  startup_stm32f407xx.o(.text)
    TIM8_CC_IRQHandler                       0x08000243   Thumb Code     0  startup_stm32f407xx.o(.text)
    TIM8_TRG_COM_TIM14_IRQHandler            0x08000243   Thumb Code     0  startup_stm32f407xx.o(.text)
    TIM8_UP_TIM13_IRQHandler                 0x08000243   Thumb Code     0  startup_stm32f407xx.o(.text)
    UART4_IRQHandler                         0x08000243   Thumb Code     0  startup_stm32f407xx.o(.text)
    UART5_IRQHandler                         0x08000243   Thumb Code     0  startup_stm32f407xx.o(.text)
    USART1_IRQHandler                        0x08000243   Thumb Code     0  startup_stm32f407xx.o(.text)
    USART2_IRQHandler                        0x08000243   Thumb Code     0  startup_stm32f407xx.o(.text)
    USART3_IRQHandler                        0x08000243   Thumb Code     0  startup_stm32f407xx.o(.text)
    USART6_IRQHandler                        0x08000243   Thumb Code     0  startup_stm32f407xx.o(.text)
    WWDG_IRQHandler                          0x08000243   Thumb Code     0  startup_stm32f407xx.o(.text)
    __user_initial_stackheap                 0x08000245   Thumb Code     0  startup_stm32f407xx.o(.text)
    rt_hw_interrupt_disable                  0x08000269   Thumb Code     8  context_rvds.o(.text)
    rt_hw_interrupt_enable                   0x08000271   Thumb Code     6  context_rvds.o(.text)
    rt_hw_context_switch                     0x08000277   Thumb Code    32  context_rvds.o(.text)
    rt_hw_context_switch_interrupt           0x08000277   Thumb Code     0  context_rvds.o(.text)
    PendSV_Handler                           0x08000297   Thumb Code   108  context_rvds.o(.text)
    rt_hw_context_switch_to                  0x08000303   Thumb Code    76  context_rvds.o(.text)
    rt_hw_interrupt_thread_switch            0x0800034f   Thumb Code     2  context_rvds.o(.text)
    HardFault_Handler                        0x08000351   Thumb Code    56  context_rvds.o(.text)
    __aeabi_uldivmod                         0x080003a5   Thumb Code     0  lludivv7m.o(.text)
    _ll_udiv                                 0x080003a5   Thumb Code   238  lludivv7m.o(.text)
    __aeabi_memclr4                          0x08000493   Thumb Code     0  rt_memclr_w.o(.text)
    __aeabi_memclr8                          0x08000493   Thumb Code     0  rt_memclr_w.o(.text)
    __rt_memclr_w                            0x08000493   Thumb Code    78  rt_memclr_w.o(.text)
    _memset_w                                0x08000497   Thumb Code     0  rt_memclr_w.o(.text)
    __use_two_region_memory                  0x080004e1   Thumb Code     2  heapauxi.o(.text)
    __rt_heap_escrow$2region                 0x080004e3   Thumb Code     2  heapauxi.o(.text)
    __rt_heap_expand$2region                 0x080004e5   Thumb Code     2  heapauxi.o(.text)
    __user_setup_stackheap                   0x080004e7   Thumb Code    74  sys_stackheap_outer.o(.text)
    exit                                     0x08000531   Thumb Code    18  exit.o(.text)
    __user_libspace                          0x08000545   Thumb Code     8  libspace.o(.text)
    __user_perproc_libspace                  0x08000545   Thumb Code     0  libspace.o(.text)
    __user_perthread_libspace                0x08000545   Thumb Code     0  libspace.o(.text)
    _sys_exit                                0x0800054d   Thumb Code     8  sys_exit.o(.text)
    __I$use$semihosting                      0x08000559   Thumb Code     0  use_no_semi.o(.text)
    __use_no_semihosting_swi                 0x08000559   Thumb Code     2  use_no_semi.o(.text)
    __semihosting_library_function           0x0800055b   Thumb Code     0  indicate_semi.o(.text)
    main                                     0x0800055b   Thumb Code    10  components.o(i.$Sub$$main)
    APP_CtrlLed                              0x08000565   Thumb Code    74  led_control.o(i.APP_CtrlLed)
    APP_GetLedsCtrl_MsgHandle                0x080005dd   Thumb Code     6  led_control.o(i.APP_GetLedsCtrl_MsgHandle)
    APP_LedControlTask                       0x080005e9   Thumb Code    10  led_control.o(i.APP_LedControlTask)
    APP_LedControlTaskEntry                  0x080005f5   Thumb Code    36  led_control.o(i.APP_LedControlTaskEntry)
    APP_LedControlTaskInit                   0x0800061d   Thumb Code    98  led_control.o(i.APP_LedControlTaskInit)
    BusFault_Handler                         0x080006f1   Thumb Code     2  stm32f4xx_it.o(i.BusFault_Handler)
    DEV_LedsInit                             0x08000701   Thumb Code   102  led.o(i.DEV_LedsInit)
    DebugMon_Handler                         0x080007c1   Thumb Code     2  stm32f4xx_it.o(i.DebugMon_Handler)
    HAL_GPIO_Init                            0x080007c5   Thumb Code   450  stm32f4xx_hal_gpio.o(i.HAL_GPIO_Init)
    HAL_GPIO_WritePin                        0x080009b5   Thumb Code    10  stm32f4xx_hal_gpio.o(i.HAL_GPIO_WritePin)
    HAL_GetTick                              0x080009c1   Thumb Code     6  stm32f4xx_hal.o(i.HAL_GetTick)
    HAL_RCC_GetHCLKFreq                      0x080009cd   Thumb Code     6  stm32f4xx_hal_rcc.o(i.HAL_RCC_GetHCLKFreq)
    HAL_RCC_GetPCLK1Freq                     0x080009d9   Thumb Code    20  stm32f4xx_hal_rcc.o(i.HAL_RCC_GetPCLK1Freq)
    HAL_RCC_GetPCLK2Freq                     0x080009f9   Thumb Code    20  stm32f4xx_hal_rcc.o(i.HAL_RCC_GetPCLK2Freq)
    HAL_SYSTICK_Config                       0x08000a19   Thumb Code    40  stm32f4xx_hal_cortex.o(i.HAL_SYSTICK_Config)
    HAL_UART_Init                            0x08000a41   Thumb Code    98  stm32f4xx_hal_uart.o(i.HAL_UART_Init)
    HAL_UART_MspInit                         0x08000aa5   Thumb Code    94  stm32f4xx_hal_msp.o(i.HAL_UART_MspInit)
    HAL_UART_Transmit                        0x08000b11   Thumb Code   178  stm32f4xx_hal_uart.o(i.HAL_UART_Transmit)
    LedClose                                 0x08000bc5   Thumb Code    22  led.o(i.LedClose)
    LedOpen                                  0x08000c01   Thumb Code    24  led.o(i.LedOpen)
    LedsInit                                 0x08000c1d   Thumb Code   160  led.o(i.LedsInit)
    MemManage_Handler                        0x08000d21   Thumb Code     2  stm32f4xx_it.o(i.MemManage_Handler)
    NMI_Handler                              0x08000d23   Thumb Code     2  stm32f4xx_it.o(i.NMI_Handler)
    SysTick_Handler                          0x08000d25   Thumb Code    18  board.o(i.SysTick_Handler)
    SystemInit                               0x08000d39   Thumb Code    12  system_stm32f4xx.o(i.SystemInit)
    UsageFault_Handler                       0x08000ecd   Thumb Code     2  stm32f4xx_it.o(i.UsageFault_Handler)
    __rt_ffs                                 0x08000ef1   Thumb Code    64  kservice.o(i.__rt_ffs)
    _memheap_alloc                           0x08001009   Thumb Code     4  memheap.o(i._memheap_alloc)
    _memheap_free                            0x0800100d   Thumb Code     4  memheap.o(i._memheap_free)
    $Super$$main                             0x080011f5   Thumb Code   102  main.o(i.main)
    main_thread_entry                        0x08001295   Thumb Code    14  components.o(i.main_thread_entry)
    rt_application_init                      0x080013d5   Thumb Code    48  components.o(i.rt_application_init)
    rt_assert_handler                        0x08001425   Thumb Code    46  kservice.o(i.rt_assert_handler)
    rt_components_board_init                 0x08001491   Thumb Code    20  components.o(i.rt_components_board_init)
    rt_components_init                       0x080014ad   Thumb Code    20  components.o(i.rt_components_init)
    rt_critical_level                        0x080014c9   Thumb Code     8  scheduler.o(i.rt_critical_level)
    rt_device_close                          0x080014d5   Thumb Code    94  device.o(i.rt_device_close)
    rt_device_control                        0x08001585   Thumb Code    68  device.o(i.rt_device_control)
    rt_device_find                           0x08001619   Thumb Code     6  device.o(i.rt_device_find)
    rt_device_open                           0x08001621   Thumb Code   164  device.o(i.rt_device_open)
    rt_device_register                       0x08001761   Thumb Code    50  device.o(i.rt_device_register)
    rt_device_write                          0x08001795   Thumb Code    98  device.o(i.rt_device_write)
    rt_enter_critical                        0x08001849   Thumb Code    22  scheduler.o(i.rt_enter_critical)
    rt_exit_critical                         0x08001865   Thumb Code    52  scheduler.o(i.rt_exit_critical)
    rt_free                                  0x0800189d   Thumb Code    30  kservice.o(i.rt_free)
    rt_heap_begin_get                        0x080018bd   Thumb Code     4  board.o(i.rt_heap_begin_get)
    rt_heap_end_get                          0x080018c5   Thumb Code     4  board.o(i.rt_heap_end_get)
    rt_hw_board_init                         0x080018cd   Thumb Code    42  board.o(i.rt_hw_board_init)
    rt_hw_console_output                     0x080018f9   Thumb Code    66  board.o(i.rt_hw_console_output)
    rt_hw_hard_fault_exception               0x08001941   Thumb Code   190  cpuport.o(i.rt_hw_hard_fault_exception)
    rt_hw_stack_init                         0x08001b51   Thumb Code    54  cpuport.o(i.rt_hw_stack_init)
    rt_interrupt_enter                       0x08001b8d   Thumb Code    22  irq.o(i.rt_interrupt_enter)
    rt_interrupt_get_nest                    0x08001ba9   Thumb Code    18  irq.o(i.rt_interrupt_get_nest)
    rt_interrupt_leave                       0x08001bc1   Thumb Code    22  irq.o(i.rt_interrupt_leave)
    rt_kprintf                               0x08001bdd   Thumb Code    56  kservice.o(i.rt_kprintf)
    rt_malloc                                0x08001c7d   Thumb Code    30  kservice.o(i.rt_malloc)
    rt_memcpy                                0x08001ca1   Thumb Code    74  kservice.o(i.rt_memcpy)
    rt_memheap_alloc                         0x08001ced   Thumb Code   274  memheap.o(i.rt_memheap_alloc)
    rt_memheap_free                          0x08001e59   Thumb Code   254  memheap.o(i.rt_memheap_free)
    rt_memheap_init                          0x08002025   Thumb Code   152  memheap.o(i.rt_memheap_init)
    rt_memset                                0x080020d9   Thumb Code    70  kservice.o(i.rt_memset)
    rt_mq_create                             0x08002121   Thumb Code   178  ipc.o(i.rt_mq_create)
    rt_mq_recv                               0x08002241   Thumb Code   462  ipc.o(i.rt_mq_recv)
    rt_mq_send                               0x080024d5   Thumb Code     6  ipc.o(i.rt_mq_send)
    rt_mq_send_wait                          0x080024dd   Thumb Code   468  ipc.o(i.rt_mq_send_wait)
    rt_mutex_create                          0x08002775   Thumb Code    80  ipc.o(i.rt_mutex_create)
    rt_mutex_init                            0x080027f5   Thumb Code    58  ipc.o(i.rt_mutex_init)
    rt_mutex_release                         0x08002849   Thumb Code   280  ipc.o(i.rt_mutex_release)
    rt_mutex_take                            0x080029e1   Thumb Code   336  ipc.o(i.rt_mutex_take)
    rt_object_allocate                       0x08002bdd   Thumb Code   134  object.o(i.rt_object_allocate)
    rt_object_delete                         0x08002cad   Thumb Code    70  object.o(i.rt_object_delete)
    rt_object_detach                         0x08002d39   Thumb Code    46  object.o(i.rt_object_detach)
    rt_object_find                           0x08002d81   Thumb Code   108  object.o(i.rt_object_find)
    rt_object_get_information                0x08002e1d   Thumb Code    30  object.o(i.rt_object_get_information)
    rt_object_get_type                       0x08002e41   Thumb Code    26  object.o(i.rt_object_get_type)
    rt_object_init                           0x08002e75   Thumb Code   120  object.o(i.rt_object_init)
    rt_object_is_systemobject                0x08002f19   Thumb Code    32  object.o(i.rt_object_is_systemobject)
    rt_schedule                              0x08002f51   Thumb Code   174  scheduler.o(i.rt_schedule)
    rt_schedule_insert_thread                0x08003009   Thumb Code   122  scheduler.o(i.rt_schedule_insert_thread)
    rt_schedule_remove_thread                0x080030a5   Thumb Code    78  scheduler.o(i.rt_schedule_remove_thread)
    rt_sem_init                              0x08003115   Thumb Code    90  ipc.o(i.rt_sem_init)
    rt_sem_release                           0x080031d5   Thumb Code   108  ipc.o(i.rt_sem_release)
    rt_sem_take                              0x08003259   Thumb Code   264  ipc.o(i.rt_sem_take)
    rt_set_errno                             0x08003409   Thumb Code    26  kservice.o(i.rt_set_errno)
    rt_show_version                          0x08003429   Thumb Code    42  kservice.o(i.rt_show_version)
    rt_sprintf                               0x080034ed   Thumb Code    18  kservice.o(i.rt_sprintf)
    rt_strlen                                0x080034ff   Thumb Code    16  kservice.o(i.rt_strlen)
    rt_strncmp                               0x0800350f   Thumb Code    32  kservice.o(i.rt_strncmp)
    rt_strncpy                               0x0800352f   Thumb Code    38  kservice.o(i.rt_strncpy)
    rt_system_heap_init                      0x08003555   Thumb Code    58  kservice.o(i.rt_system_heap_init)
    rt_system_scheduler_init                 0x080035c1   Thumb Code    30  scheduler.o(i.rt_system_scheduler_init)
    rt_system_scheduler_start                0x080035e9   Thumb Code    36  scheduler.o(i.rt_system_scheduler_start)
    rt_system_timer_init                     0x08003611   Thumb Code     8  timer.o(i.rt_system_timer_init)
    rt_system_timer_thread_init              0x0800361d   Thumb Code     2  timer.o(i.rt_system_timer_thread_init)
    rt_thread_control                        0x08003621   Thumb Code   164  thread.o(i.rt_thread_control)
    rt_thread_create                         0x080036e1   Thumb Code    72  thread.o(i.rt_thread_create)
    rt_thread_defunct_dequeue                0x08003729   Thumb Code    44  idle.o(i.rt_thread_defunct_dequeue)
    rt_thread_defunct_enqueue                0x08003759   Thumb Code    18  idle.o(i.rt_thread_defunct_enqueue)
    rt_thread_delete                         0x08003771   Thumb Code   118  thread.o(i.rt_thread_delete)
    rt_thread_detach                         0x08003841   Thumb Code   118  thread.o(i.rt_thread_detach)
    rt_thread_idle_init                      0x08003939   Thumb Code    52  idle.o(i.rt_thread_idle_init)
    rt_thread_init                           0x0800397d   Thumb Code    84  thread.o(i.rt_thread_init)
    rt_thread_mdelay                         0x08003a01   Thumb Code    14  thread.o(i.rt_thread_mdelay)
    rt_thread_resume                         0x08003a11   Thumb Code    96  thread.o(i.rt_thread_resume)
    rt_thread_self                           0x08003a8d   Thumb Code     6  thread.o(i.rt_thread_self)
    rt_thread_sleep                          0x08003a99   Thumb Code   100  thread.o(i.rt_thread_sleep)
    rt_thread_startup                        0x08003b1d   Thumb Code    96  thread.o(i.rt_thread_startup)
    rt_thread_suspend                        0x08003bd5   Thumb Code   126  thread.o(i.rt_thread_suspend)
    rt_tick_from_millisecond                 0x08003c91   Thumb Code    50  clock.o(i.rt_tick_from_millisecond)
    rt_tick_get                              0x08003cc5   Thumb Code     6  clock.o(i.rt_tick_get)
    rt_tick_increase                         0x08003cd1   Thumb Code    68  clock.o(i.rt_tick_increase)
    rt_timer_check                           0x08003d19   Thumb Code   136  timer.o(i.rt_timer_check)
    rt_timer_control                         0x08003da5   Thumb Code   142  timer.o(i.rt_timer_control)
    rt_timer_detach                          0x08003eb1   Thumb Code    96  timer.o(i.rt_timer_detach)
    rt_timer_init                            0x08003f91   Thumb Code    92  timer.o(i.rt_timer_init)
    rt_timer_start                           0x08004031   Thumb Code   162  timer.o(i.rt_timer_start)
    rt_timer_stop                            0x0800412d   Thumb Code    82  timer.o(i.rt_timer_stop)
    rt_vsnprintf                             0x080041d5   Thumb Code   634  kservice.o(i.rt_vsnprintf)
    rt_vsprintf                              0x08004459   Thumb Code    16  kservice.o(i.rt_vsprintf)
    rtthread_startup                         0x08004479   Thumb Code    42  components.o(i.rtthread_startup)
    _fp_init                                 0x08004501   Thumb Code    10  fpinit.o(x$fpl$fpinit)
    __fplib_config_fpu_vfp                   0x08004509   Thumb Code     0  fpinit.o(x$fpl$fpinit)
    __fplib_config_pureend_doubles           0x08004509   Thumb Code     0  fpinit.o(x$fpl$fpinit)
    APBPrescTable                            0x08004524   Data           8  system_stm32f4xx.o(.constdata)
    __lowest_bit_bitmap                      0x08004688   Data         256  kservice.o(.constdata)
    __rt_init_rti_start                      0x08004c28   Data           4  components.o(.rti_fn.0)
    __rt_init_rti_board_start                0x08004c2c   Data           4  components.o(.rti_fn.0.end)
    __rt_init_uart_init                      0x08004c30   Data           4  board.o(.rti_fn.1)
    __rt_init_rti_board_end                  0x08004c34   Data           4  components.o(.rti_fn.1.end)
    __rt_init_DEV_AllDeviceInit              0x08004c38   Data           4  all_device.o(.rti_fn.3)
    __rt_init_rti_end                        0x08004c3c   Data           4  components.o(.rti_fn.6.end)
    Region$$Table$$Base                      0x08004c40   Number         0  anon$$obj.o(Region$$Table)
    Region$$Table$$Limit                     0x08004c60   Number         0  anon$$obj.o(Region$$Table)
    uwTickFreq                               0x20000014   Data           1  stm32f4xx_hal.o(.data)
    uwTickPrio                               0x20000018   Data           4  stm32f4xx_hal.o(.data)
    uwTick                                   0x2000001c   Data           4  stm32f4xx_hal.o(.data)
    SystemCoreClock                          0x20000020   Data           4  system_stm32f4xx.o(.data)
    rt_interrupt_nest                        0x20000030   Data           1  irq.o(.data)
    rt_assert_hook                           0x2000003c   Data           4  kservice.o(.data)
    rt_current_priority                      0x200000f0   Data           1  scheduler.o(.data)
    rt_current_thread                        0x200000f4   Data           4  scheduler.o(.data)
    rt_thread_ready_priority_group           0x200000f8   Data           4  scheduler.o(.data)
    rt_interrupt_from_thread                 0x2000010c   Data           4  cpuport.o(.data)
    rt_interrupt_to_thread                   0x20000110   Data           4  cpuport.o(.data)
    rt_thread_switch_interrupt_flag          0x20000114   Data           4  cpuport.o(.data)
    rt_thread_priority_table                 0x200003c8   Data         256  scheduler.o(.bss)
    __libspace_start                         0x2000410c   Data          96  libspace.o(.bss)
    __temporary_stack_top$libspace           0x2000416c   Data           0  libspace.o(.bss)



==============================================================================

Memory Map of the image

  Image Entry point : 0x08000189

  Load Region LR_IROM1 (Base: 0x08000000, Size: 0x00004d78, Max: 0x00080000, ABSOLUTE)

    Execution Region ER_IROM1 (Exec base: 0x08000000, Load base: 0x08000000, Size: 0x00004c60, Max: 0x00080000, ABSOLUTE)

    Exec Addr    Load Addr    Size         Type   Attr      Idx    E Section Name        Object

    0x08000000   0x08000000   0x00000188   Data   RO          457    RESET               startup_stm32f407xx.o
    0x08000188   0x08000188   0x00000008   Code   RO         4452  * !!!main             c_w.l(__main.o)
    0x08000190   0x08000190   0x00000034   Code   RO         4619    !!!scatter          c_w.l(__scatter.o)
    0x080001c4   0x080001c4   0x0000001a   Code   RO         4621    !!handler_copy      c_w.l(__scatter_copy.o)
    0x080001de   0x080001de   0x00000002   PAD
    0x080001e0   0x080001e0   0x0000001c   Code   RO         4623    !!handler_zi        c_w.l(__scatter_zi.o)
    0x080001fc   0x080001fc   0x00000002   Code   RO         4489    .ARM.Collect$$libinit$$00000000  c_w.l(libinit.o)
    0x080001fe   0x080001fe   0x00000004   Code   RO         4501    .ARM.Collect$$libinit$$00000001  c_w.l(libinit2.o)
    0x08000202   0x08000202   0x00000000   Code   RO         4504    .ARM.Collect$$libinit$$00000004  c_w.l(libinit2.o)
    0x08000202   0x08000202   0x00000000   Code   RO         4507    .ARM.Collect$$libinit$$0000000A  c_w.l(libinit2.o)
    0x08000202   0x08000202   0x00000000   Code   RO         4509    .ARM.Collect$$libinit$$0000000C  c_w.l(libinit2.o)
    0x08000202   0x08000202   0x00000000   Code   RO         4511    .ARM.Collect$$libinit$$0000000E  c_w.l(libinit2.o)
    0x08000202   0x08000202   0x00000000   Code   RO         4514    .ARM.Collect$$libinit$$00000011  c_w.l(libinit2.o)
    0x08000202   0x08000202   0x00000000   Code   RO         4516    .ARM.Collect$$libinit$$00000013  c_w.l(libinit2.o)
    0x08000202   0x08000202   0x00000000   Code   RO         4518    .ARM.Collect$$libinit$$00000015  c_w.l(libinit2.o)
    0x08000202   0x08000202   0x00000000   Code   RO         4520    .ARM.Collect$$libinit$$00000017  c_w.l(libinit2.o)
    0x08000202   0x08000202   0x00000000   Code   RO         4522    .ARM.Collect$$libinit$$00000019  c_w.l(libinit2.o)
    0x08000202   0x08000202   0x00000000   Code   RO         4524    .ARM.Collect$$libinit$$0000001B  c_w.l(libinit2.o)
    0x08000202   0x08000202   0x00000000   Code   RO         4526    .ARM.Collect$$libinit$$0000001D  c_w.l(libinit2.o)
    0x08000202   0x08000202   0x00000000   Code   RO         4528    .ARM.Collect$$libinit$$0000001F  c_w.l(libinit2.o)
    0x08000202   0x08000202   0x00000000   Code   RO         4530    .ARM.Collect$$libinit$$00000021  c_w.l(libinit2.o)
    0x08000202   0x08000202   0x00000000   Code   RO         4532    .ARM.Collect$$libinit$$00000023  c_w.l(libinit2.o)
    0x08000202   0x08000202   0x00000000   Code   RO         4534    .ARM.Collect$$libinit$$00000025  c_w.l(libinit2.o)
    0x08000202   0x08000202   0x00000000   Code   RO         4538    .ARM.Collect$$libinit$$0000002C  c_w.l(libinit2.o)
    0x08000202   0x08000202   0x00000000   Code   RO         4540    .ARM.Collect$$libinit$$0000002E  c_w.l(libinit2.o)
    0x08000202   0x08000202   0x00000000   Code   RO         4542    .ARM.Collect$$libinit$$00000030  c_w.l(libinit2.o)
    0x08000202   0x08000202   0x00000000   Code   RO         4544    .ARM.Collect$$libinit$$00000032  c_w.l(libinit2.o)
    0x08000202   0x08000202   0x00000002   Code   RO         4545    .ARM.Collect$$libinit$$00000033  c_w.l(libinit2.o)
    0x08000204   0x08000204   0x00000002   Code   RO         4576    .ARM.Collect$$libshutdown$$00000000  c_w.l(libshutdown.o)
    0x08000206   0x08000206   0x00000000   Code   RO         4602    .ARM.Collect$$libshutdown$$00000002  c_w.l(libshutdown2.o)
    0x08000206   0x08000206   0x00000000   Code   RO         4604    .ARM.Collect$$libshutdown$$00000004  c_w.l(libshutdown2.o)
    0x08000206   0x08000206   0x00000000   Code   RO         4607    .ARM.Collect$$libshutdown$$00000007  c_w.l(libshutdown2.o)
    0x08000206   0x08000206   0x00000000   Code   RO         4610    .ARM.Collect$$libshutdown$$0000000A  c_w.l(libshutdown2.o)
    0x08000206   0x08000206   0x00000000   Code   RO         4612    .ARM.Collect$$libshutdown$$0000000C  c_w.l(libshutdown2.o)
    0x08000206   0x08000206   0x00000000   Code   RO         4615    .ARM.Collect$$libshutdown$$0000000F  c_w.l(libshutdown2.o)
    0x08000206   0x08000206   0x00000002   Code   RO         4616    .ARM.Collect$$libshutdown$$00000010  c_w.l(libshutdown2.o)
    0x08000208   0x08000208   0x00000000   Code   RO         4454    .ARM.Collect$$rtentry$$00000000  c_w.l(__rtentry.o)
    0x08000208   0x08000208   0x00000000   Code   RO         4460    .ARM.Collect$$rtentry$$00000002  c_w.l(__rtentry2.o)
    0x08000208   0x08000208   0x00000006   Code   RO         4472    .ARM.Collect$$rtentry$$00000004  c_w.l(__rtentry4.o)
    0x0800020e   0x0800020e   0x00000000   Code   RO         4462    .ARM.Collect$$rtentry$$00000009  c_w.l(__rtentry2.o)
    0x0800020e   0x0800020e   0x00000004   Code   RO         4463    .ARM.Collect$$rtentry$$0000000A  c_w.l(__rtentry2.o)
    0x08000212   0x08000212   0x00000000   Code   RO         4465    .ARM.Collect$$rtentry$$0000000C  c_w.l(__rtentry2.o)
    0x08000212   0x08000212   0x00000008   Code   RO         4466    .ARM.Collect$$rtentry$$0000000D  c_w.l(__rtentry2.o)
    0x0800021a   0x0800021a   0x00000002   Code   RO         4493    .ARM.Collect$$rtexit$$00000000  c_w.l(rtexit.o)
    0x0800021c   0x0800021c   0x00000000   Code   RO         4549    .ARM.Collect$$rtexit$$00000002  c_w.l(rtexit2.o)
    0x0800021c   0x0800021c   0x00000004   Code   RO         4550    .ARM.Collect$$rtexit$$00000003  c_w.l(rtexit2.o)
    0x08000220   0x08000220   0x00000006   Code   RO         4551    .ARM.Collect$$rtexit$$00000004  c_w.l(rtexit2.o)
    0x08000226   0x08000226   0x00000002   PAD
    0x08000228   0x08000228   0x00000040   Code   RO          458    .text               startup_stm32f407xx.o
    0x08000268   0x08000268   0x0000013c   Code   RO         3170    .text               context_rvds.o
    0x080003a4   0x080003a4   0x000000ee   Code   RO         4446    .text               c_w.l(lludivv7m.o)
    0x08000492   0x08000492   0x0000004e   Code   RO         4448    .text               c_w.l(rt_memclr_w.o)
    0x080004e0   0x080004e0   0x00000006   Code   RO         4450    .text               c_w.l(heapauxi.o)
    0x080004e6   0x080004e6   0x0000004a   Code   RO         4476    .text               c_w.l(sys_stackheap_outer.o)
    0x08000530   0x08000530   0x00000012   Code   RO         4478    .text               c_w.l(exit.o)
    0x08000542   0x08000542   0x00000002   PAD
    0x08000544   0x08000544   0x00000008   Code   RO         4490    .text               c_w.l(libspace.o)
    0x0800054c   0x0800054c   0x0000000c   Code   RO         4546    .text               c_w.l(sys_exit.o)
    0x08000558   0x08000558   0x00000002   Code   RO         4565    .text               c_w.l(use_no_semi.o)
    0x0800055a   0x0800055a   0x00000000   Code   RO         4567    .text               c_w.l(indicate_semi.o)
    0x0800055a   0x0800055a   0x0000000a   Code   RO         3215    i.$Sub$$main        components.o
    0x08000564   0x08000564   0x00000078   Code   RO            4    i.APP_CtrlLed       led_control.o
    0x080005dc   0x080005dc   0x0000000c   Code   RO            5    i.APP_GetLedsCtrl_MsgHandle  led_control.o
    0x080005e8   0x080005e8   0x0000000a   Code   RO            6    i.APP_LedControlTask  led_control.o
    0x080005f2   0x080005f2   0x00000002   PAD
    0x080005f4   0x080005f4   0x00000028   Code   RO            7    i.APP_LedControlTaskEntry  led_control.o
    0x0800061c   0x0800061c   0x000000d4   Code   RO            8    i.APP_LedControlTaskInit  led_control.o
    0x080006f0   0x080006f0   0x00000002   Code   RO          287    i.BusFault_Handler  stm32f4xx_it.o
    0x080006f2   0x080006f2   0x0000000e   Code   RO          175    i.DEV_AllDeviceInit  all_device.o
    0x08000700   0x08000700   0x000000c0   Code   RO          192    i.DEV_LedsInit      led.o
    0x080007c0   0x080007c0   0x00000002   Code   RO          288    i.DebugMon_Handler  stm32f4xx_it.o
    0x080007c2   0x080007c2   0x00000002   PAD
    0x080007c4   0x080007c4   0x000001f0   Code   RO          820    i.HAL_GPIO_Init     stm32f4xx_hal_gpio.o
    0x080009b4   0x080009b4   0x0000000a   Code   RO          824    i.HAL_GPIO_WritePin  stm32f4xx_hal_gpio.o
    0x080009be   0x080009be   0x00000002   PAD
    0x080009c0   0x080009c0   0x0000000c   Code   RO         1352    i.HAL_GetTick       stm32f4xx_hal.o
    0x080009cc   0x080009cc   0x0000000c   Code   RO          471    i.HAL_RCC_GetHCLKFreq  stm32f4xx_hal_rcc.o
    0x080009d8   0x080009d8   0x00000020   Code   RO          473    i.HAL_RCC_GetPCLK1Freq  stm32f4xx_hal_rcc.o
    0x080009f8   0x080009f8   0x00000020   Code   RO          474    i.HAL_RCC_GetPCLK2Freq  stm32f4xx_hal_rcc.o
    0x08000a18   0x08000a18   0x00000028   Code   RO         1220    i.HAL_SYSTICK_Config  stm32f4xx_hal_cortex.o
    0x08000a40   0x08000a40   0x00000062   Code   RO         1662    i.HAL_UART_Init     stm32f4xx_hal_uart.o
    0x08000aa2   0x08000aa2   0x00000002   PAD
    0x08000aa4   0x08000aa4   0x0000006c   Code   RO          424    i.HAL_UART_MspInit  stm32f4xx_hal_msp.o
    0x08000b10   0x08000b10   0x000000b2   Code   RO         1670    i.HAL_UART_Transmit  stm32f4xx_hal_uart.o
    0x08000bc2   0x08000bc2   0x00000002   PAD
    0x08000bc4   0x08000bc4   0x0000001c   Code   RO          193    i.LedClose          led.o
    0x08000be0   0x08000be0   0x00000020   Code   RO          194    i.LedControl        led.o
    0x08000c00   0x08000c00   0x0000001c   Code   RO          195    i.LedOpen           led.o
    0x08000c1c   0x08000c1c   0x00000104   Code   RO          196    i.LedsInit          led.o
    0x08000d20   0x08000d20   0x00000002   Code   RO          289    i.MemManage_Handler  stm32f4xx_it.o
    0x08000d22   0x08000d22   0x00000002   Code   RO          290    i.NMI_Handler       stm32f4xx_it.o
    0x08000d24   0x08000d24   0x00000012   Code   RO         4305    i.SysTick_Handler   board.o
    0x08000d36   0x08000d36   0x00000002   PAD
    0x08000d38   0x08000d38   0x00000010   Code   RO         3136    i.SystemInit        system_stm32f4xx.o
    0x08000d48   0x08000d48   0x0000010c   Code   RO         1688    i.UART_SetConfig    stm32f4xx_hal_uart.o
    0x08000e54   0x08000e54   0x00000078   Code   RO         1691    i.UART_WaitOnFlagUntilTimeout  stm32f4xx_hal_uart.o
    0x08000ecc   0x08000ecc   0x00000002   Code   RO          291    i.UsageFault_Handler  stm32f4xx_it.o
    0x08000ece   0x08000ece   0x00000020   Code   RO         1222    i.__NVIC_SetPriority  stm32f4xx_hal_cortex.o
    0x08000eee   0x08000eee   0x00000002   PAD
    0x08000ef0   0x08000ef0   0x00000044   Code   RO         3539    i.__rt_ffs          kservice.o
    0x08000f34   0x08000f34   0x00000020   Code   RO         3540    i._heap_lock        kservice.o
    0x08000f54   0x08000f54   0x0000003c   Code   RO         3541    i._heap_unlock      kservice.o
    0x08000f90   0x08000f90   0x0000000e   Code   RO         3331    i._ipc_list_resume  ipc.o
    0x08000f9e   0x08000f9e   0x00000002   PAD
    0x08000fa0   0x08000fa0   0x00000068   Code   RO         3333    i._ipc_list_suspend  ipc.o
    0x08001008   0x08001008   0x00000004   Code   RO         3812    i._memheap_alloc    memheap.o
    0x0800100c   0x0800100c   0x00000004   Code   RO         3813    i._memheap_free     memheap.o
    0x08001010   0x08001010   0x00000024   Code   RO         3957    i._scheduler_get_highest_priority_thread  scheduler.o
    0x08001034   0x08001034   0x00000038   Code   RO         4040    i._thread_exit      thread.o
    0x0800106c   0x0800106c   0x000000a8   Code   RO         4041    i._thread_init      thread.o
    0x08001114   0x08001114   0x000000bc   Code   RO         4042    i._thread_timeout   thread.o
    0x080011d0   0x080011d0   0x0000001c   Code   RO         4161    i._timer_init       timer.o
    0x080011ec   0x080011ec   0x00000006   Code   RO         4162    i._timer_remove     timer.o
    0x080011f2   0x080011f2   0x00000002   PAD
    0x080011f4   0x080011f4   0x000000a0   Code   RO          245    i.main              main.o
    0x08001294   0x08001294   0x0000000e   Code   RO         3216    i.main_thread_entry  components.o
    0x080012a2   0x080012a2   0x00000002   PAD
    0x080012a4   0x080012a4   0x00000130   Code   RO         3543    i.print_number      kservice.o
    0x080013d4   0x080013d4   0x00000050   Code   RO         3217    i.rt_application_init  components.o
    0x08001424   0x08001424   0x0000006c   Code   RO         3544    i.rt_assert_handler  kservice.o
    0x08001490   0x08001490   0x0000001c   Code   RO         3218    i.rt_components_board_init  components.o
    0x080014ac   0x080014ac   0x0000001c   Code   RO         3219    i.rt_components_init  components.o
    0x080014c8   0x080014c8   0x0000000c   Code   RO         3958    i.rt_critical_level  scheduler.o
    0x080014d4   0x080014d4   0x000000b0   Code   RO         4359    i.rt_device_close   device.o
    0x08001584   0x08001584   0x00000094   Code   RO         4360    i.rt_device_control  device.o
    0x08001618   0x08001618   0x00000006   Code   RO         4363    i.rt_device_find    device.o
    0x0800161e   0x0800161e   0x00000002   PAD
    0x08001620   0x08001620   0x00000140   Code   RO         4365    i.rt_device_open    device.o
    0x08001760   0x08001760   0x00000032   Code   RO         4367    i.rt_device_register  device.o
    0x08001792   0x08001792   0x00000002   PAD
    0x08001794   0x08001794   0x000000b4   Code   RO         4371    i.rt_device_write   device.o
    0x08001848   0x08001848   0x0000001c   Code   RO         3959    i.rt_enter_critical  scheduler.o
    0x08001864   0x08001864   0x00000038   Code   RO         3960    i.rt_exit_critical  scheduler.o
    0x0800189c   0x0800189c   0x0000001e   Code   RO         3549    i.rt_free           kservice.o
    0x080018ba   0x080018ba   0x00000002   PAD
    0x080018bc   0x080018bc   0x00000008   Code   RO         4306    i.rt_heap_begin_get  board.o
    0x080018c4   0x080018c4   0x00000008   Code   RO         4307    i.rt_heap_end_get   board.o
    0x080018cc   0x080018cc   0x0000002a   Code   RO         4308    i.rt_hw_board_init  board.o
    0x080018f6   0x080018f6   0x00000002   PAD
    0x080018f8   0x080018f8   0x00000048   Code   RO         4309    i.rt_hw_console_output  board.o
    0x08001940   0x08001940   0x00000210   Code   RO         4262    i.rt_hw_hard_fault_exception  cpuport.o
    0x08001b50   0x08001b50   0x0000003c   Code   RO         4263    i.rt_hw_stack_init  cpuport.o
    0x08001b8c   0x08001b8c   0x0000001c   Code   RO         3512    i.rt_interrupt_enter  irq.o
    0x08001ba8   0x08001ba8   0x00000018   Code   RO         3513    i.rt_interrupt_get_nest  irq.o
    0x08001bc0   0x08001bc0   0x0000001c   Code   RO         3514    i.rt_interrupt_leave  irq.o
    0x08001bdc   0x08001bdc   0x00000040   Code   RO         3554    i.rt_kprintf        kservice.o
    0x08001c1c   0x08001c1c   0x0000000e   Code   RO         3878    i.rt_list_insert_after  object.o
    0x08001c2a   0x08001c2a   0x0000000e   Code   RO         4163    i.rt_list_insert_after  timer.o
    0x08001c38   0x08001c38   0x0000000e   Code   RO         3334    i.rt_list_insert_before  ipc.o
    0x08001c46   0x08001c46   0x00000012   Code   RO         3879    i.rt_list_remove    object.o
    0x08001c58   0x08001c58   0x00000012   Code   RO         4043    i.rt_list_remove    thread.o
    0x08001c6a   0x08001c6a   0x00000012   Code   RO         4164    i.rt_list_remove    timer.o
    0x08001c7c   0x08001c7c   0x00000024   Code   RO         3556    i.rt_malloc         kservice.o
    0x08001ca0   0x08001ca0   0x0000004a   Code   RO         3559    i.rt_memcpy         kservice.o
    0x08001cea   0x08001cea   0x00000002   PAD
    0x08001cec   0x08001cec   0x0000016c   Code   RO         3815    i.rt_memheap_alloc  memheap.o
    0x08001e58   0x08001e58   0x000001cc   Code   RO         3817    i.rt_memheap_free   memheap.o
    0x08002024   0x08002024   0x000000b4   Code   RO         3819    i.rt_memheap_init   memheap.o
    0x080020d8   0x080020d8   0x00000046   Code   RO         3562    i.rt_memset         kservice.o
    0x0800211e   0x0800211e   0x00000002   PAD
    0x08002120   0x08002120   0x00000120   Code   RO         3336    i.rt_mq_create      ipc.o
    0x08002240   0x08002240   0x00000294   Code   RO         3340    i.rt_mq_recv        ipc.o
    0x080024d4   0x080024d4   0x00000006   Code   RO         3341    i.rt_mq_send        ipc.o
    0x080024da   0x080024da   0x00000002   PAD
    0x080024dc   0x080024dc   0x00000298   Code   RO         3342    i.rt_mq_send_wait   ipc.o
    0x08002774   0x08002774   0x00000080   Code   RO         3345    i.rt_mutex_create   ipc.o
    0x080027f4   0x080027f4   0x00000054   Code   RO         3348    i.rt_mutex_init     ipc.o
    0x08002848   0x08002848   0x00000198   Code   RO         3349    i.rt_mutex_release  ipc.o
    0x080029e0   0x080029e0   0x000001fc   Code   RO         3350    i.rt_mutex_take     ipc.o
    0x08002bdc   0x08002bdc   0x000000d0   Code   RO         3880    i.rt_object_allocate  object.o
    0x08002cac   0x08002cac   0x0000008c   Code   RO         3881    i.rt_object_delete  object.o
    0x08002d38   0x08002d38   0x00000048   Code   RO         3882    i.rt_object_detach  object.o
    0x08002d80   0x08002d80   0x0000009c   Code   RO         3883    i.rt_object_find    object.o
    0x08002e1c   0x08002e1c   0x00000024   Code   RO         3884    i.rt_object_get_information  object.o
    0x08002e40   0x08002e40   0x00000034   Code   RO         3887    i.rt_object_get_type  object.o
    0x08002e74   0x08002e74   0x000000a4   Code   RO         3888    i.rt_object_init    object.o
    0x08002f18   0x08002f18   0x00000038   Code   RO         3889    i.rt_object_is_systemobject  object.o
    0x08002f50   0x08002f50   0x000000b8   Code   RO         3961    i.rt_schedule       scheduler.o
    0x08003008   0x08003008   0x0000009c   Code   RO         3962    i.rt_schedule_insert_thread  scheduler.o
    0x080030a4   0x080030a4   0x00000070   Code   RO         3963    i.rt_schedule_remove_thread  scheduler.o
    0x08003114   0x08003114   0x000000c0   Code   RO         3356    i.rt_sem_init       ipc.o
    0x080031d4   0x080031d4   0x00000084   Code   RO         3357    i.rt_sem_release    ipc.o
    0x08003258   0x08003258   0x000001b0   Code   RO         3358    i.rt_sem_take       ipc.o
    0x08003408   0x08003408   0x00000020   Code   RO         3564    i.rt_set_errno      kservice.o
    0x08003428   0x08003428   0x000000c4   Code   RO         3565    i.rt_show_version   kservice.o
    0x080034ec   0x080034ec   0x00000012   Code   RO         3567    i.rt_sprintf        kservice.o
    0x080034fe   0x080034fe   0x00000010   Code   RO         3573    i.rt_strlen         kservice.o
    0x0800350e   0x0800350e   0x00000020   Code   RO         3574    i.rt_strncmp        kservice.o
    0x0800352e   0x0800352e   0x00000026   Code   RO         3575    i.rt_strncpy        kservice.o
    0x08003554   0x08003554   0x0000006c   Code   RO         3578    i.rt_system_heap_init  kservice.o
    0x080035c0   0x080035c0   0x00000028   Code   RO         3964    i.rt_system_scheduler_init  scheduler.o
    0x080035e8   0x080035e8   0x00000028   Code   RO         3965    i.rt_system_scheduler_start  scheduler.o
    0x08003610   0x08003610   0x0000000c   Code   RO         4165    i.rt_system_timer_init  timer.o
    0x0800361c   0x0800361c   0x00000002   Code   RO         4166    i.rt_system_timer_thread_init  timer.o
    0x0800361e   0x0800361e   0x00000002   PAD
    0x08003620   0x08003620   0x000000c0   Code   RO         4044    i.rt_thread_control  thread.o
    0x080036e0   0x080036e0   0x00000048   Code   RO         4045    i.rt_thread_create  thread.o
    0x08003728   0x08003728   0x00000030   Code   RO         3290    i.rt_thread_defunct_dequeue  idle.o
    0x08003758   0x08003758   0x00000018   Code   RO         3291    i.rt_thread_defunct_enqueue  idle.o
    0x08003770   0x08003770   0x000000d0   Code   RO         4048    i.rt_thread_delete  thread.o
    0x08003840   0x08003840   0x000000c4   Code   RO         4049    i.rt_thread_detach  thread.o
    0x08003904   0x08003904   0x00000032   Code   RO         3292    i.rt_thread_idle_entry  idle.o
    0x08003936   0x08003936   0x00000002   PAD
    0x08003938   0x08003938   0x00000044   Code   RO         3294    i.rt_thread_idle_init  idle.o
    0x0800397c   0x0800397c   0x00000084   Code   RO         4051    i.rt_thread_init    thread.o
    0x08003a00   0x08003a00   0x0000000e   Code   RO         4052    i.rt_thread_mdelay  thread.o
    0x08003a0e   0x08003a0e   0x00000002   PAD
    0x08003a10   0x08003a10   0x0000007c   Code   RO         4053    i.rt_thread_resume  thread.o
    0x08003a8c   0x08003a8c   0x0000000c   Code   RO         4054    i.rt_thread_self    thread.o
    0x08003a98   0x08003a98   0x00000084   Code   RO         4055    i.rt_thread_sleep   thread.o
    0x08003b1c   0x08003b1c   0x000000b8   Code   RO         4056    i.rt_thread_startup  thread.o
    0x08003bd4   0x08003bd4   0x000000bc   Code   RO         4057    i.rt_thread_suspend  thread.o
    0x08003c90   0x08003c90   0x00000032   Code   RO         3174    i.rt_tick_from_millisecond  clock.o
    0x08003cc2   0x08003cc2   0x00000002   PAD
    0x08003cc4   0x08003cc4   0x0000000c   Code   RO         3175    i.rt_tick_get       clock.o
    0x08003cd0   0x08003cd0   0x00000048   Code   RO         3177    i.rt_tick_increase  clock.o
    0x08003d18   0x08003d18   0x0000008c   Code   RO         4167    i.rt_timer_check    timer.o
    0x08003da4   0x08003da4   0x0000010c   Code   RO         4168    i.rt_timer_control  timer.o
    0x08003eb0   0x08003eb0   0x000000e0   Code   RO         4171    i.rt_timer_detach   timer.o
    0x08003f90   0x08003f90   0x000000a0   Code   RO         4172    i.rt_timer_init     timer.o
    0x08004030   0x08004030   0x000000fc   Code   RO         4174    i.rt_timer_start    timer.o
    0x0800412c   0x0800412c   0x000000a8   Code   RO         4175    i.rt_timer_stop     timer.o
    0x080041d4   0x080041d4   0x00000284   Code   RO         3579    i.rt_vsnprintf      kservice.o
    0x08004458   0x08004458   0x00000010   Code   RO         3580    i.rt_vsprintf       kservice.o
    0x08004468   0x08004468   0x00000004   Code   RO         3220    i.rti_board_end     components.o
    0x0800446c   0x0800446c   0x00000004   Code   RO         3221    i.rti_board_start   components.o
    0x08004470   0x08004470   0x00000004   Code   RO         3222    i.rti_end           components.o
    0x08004474   0x08004474   0x00000004   Code   RO         3223    i.rti_start         components.o
    0x08004478   0x08004478   0x0000002a   Code   RO         3224    i.rtthread_startup  components.o
    0x080044a2   0x080044a2   0x00000028   Code   RO         3581    i.skip_atoi         kservice.o
    0x080044ca   0x080044ca   0x00000002   PAD
    0x080044cc   0x080044cc   0x00000034   Code   RO         4310    i.uart_init         board.o
    0x08004500   0x08004500   0x0000000a   Code   RO         4561    x$fpl$fpinit        fz_wm.l(fpinit.o)
    0x0800450a   0x0800450a   0x00000002   PAD
    0x0800450c   0x0800450c   0x00000018   Data   RO          198    .constdata          led.o
    0x08004524   0x08004524   0x00000008   Data   RO         3138    .constdata          system_stm32f4xx.o
    0x0800452c   0x0800452c   0x00000014   Data   RO         3225    .constdata          components.o
    0x08004540   0x08004540   0x00000148   Data   RO         3360    .constdata          ipc.o
    0x08004688   0x08004688   0x00000143   Data   RO         3583    .constdata          kservice.o
    0x080047cb   0x080047cb   0x00000056   Data   RO         3821    .constdata          memheap.o
    0x08004821   0x08004821   0x00000080   Data   RO         3890    .constdata          object.o
    0x080048a1   0x080048a1   0x00000034   Data   RO         3967    .constdata          scheduler.o
    0x080048d5   0x080048d5   0x000000bb   Data   RO         4059    .constdata          thread.o
    0x08004990   0x08004990   0x0000006c   Data   RO         4176    .constdata          timer.o
    0x080049fc   0x080049fc   0x000000ba   Data   RO         4372    .constdata          device.o
    0x08004ab6   0x08004ab6   0x00000002   PAD
    0x08004ab8   0x08004ab8   0x000000d3   Data   RO         3361    .conststring        ipc.o
    0x08004b8b   0x08004b8b   0x00000001   PAD
    0x08004b8c   0x08004b8c   0x00000058   Data   RO         3584    .conststring        kservice.o
    0x08004be4   0x08004be4   0x00000042   Data   RO         4060    .conststring        thread.o
    0x08004c26   0x08004c26   0x00000002   PAD
    0x08004c28   0x08004c28   0x00000004   Data   RO         3226    .rti_fn.0           components.o
    0x08004c2c   0x08004c2c   0x00000004   Data   RO         3227    .rti_fn.0.end       components.o
    0x08004c30   0x08004c30   0x00000004   Data   RO         4312    .rti_fn.1           board.o
    0x08004c34   0x08004c34   0x00000004   Data   RO         3228    .rti_fn.1.end       components.o
    0x08004c38   0x08004c38   0x00000004   Data   RO          176    .rti_fn.3           all_device.o
    0x08004c3c   0x08004c3c   0x00000004   Data   RO         3229    .rti_fn.6.end       components.o
    0x08004c40   0x08004c40   0x00000020   Data   RO         4617    Region$$Table       anon$$obj.o


    Execution Region RW_IRAM1 (Exec base: 0x20000000, Load base: 0x08004c60, Size: 0x00004770, Max: 0x00020000, ABSOLUTE)

    Exec Addr    Load Addr    Size         Type   Attr      Idx    E Section Name        Object

    0x20000000   0x08004c60   0x0000000c   Data   RW            9    .data               led_control.o
    0x2000000c   0x08004c6c   0x00000004   Data   RW          199    .data               led.o
    0x20000010   0x08004c70   0x00000004   Data   RW          248    .data               main.o
    0x20000014   0x08004c74   0x0000000c   Data   RW         1366    .data               stm32f4xx_hal.o
    0x20000020   0x08004c80   0x00000004   Data   RW         3139    .data               system_stm32f4xx.o
    0x20000024   0x08004c84   0x00000004   Data   RW         3179    .data               clock.o
    0x20000028   0x08004c88   0x00000008   Data   RW         3296    .data               idle.o
    0x20000030   0x08004c90   0x00000001   Data   RW         3515    .data               irq.o
    0x20000031   0x08004c91   0x00000003   PAD
    0x20000034   0x08004c94   0x0000003c   Data   RW         3585    .data               kservice.o
    0x20000070   0x08004cd0   0x00000080   Data   RW         3891    .data               object.o
    0x200000f0   0x08004d50   0x0000000c   Data   RW         3968    .data               scheduler.o
    0x200000fc   0x08004d5c   0x0000000c   Data   RW         4177    .data               timer.o
    0x20000108   0x08004d68   0x00000004   Data   RW         4265    .data               cpuport.o
    0x2000010c   0x08004d6c   0x00000004   Data   RW         4266    .data               cpuport.o
    0x20000110   0x08004d70   0x00000004   Data   RW         4267    .data               cpuport.o
    0x20000114   0x08004d74   0x00000004   Data   RW         4268    .data               cpuport.o
    0x20000118        -       0x0000002c   Zero   RW          197    .bss                led.o
    0x20000144        -       0x00000178   Zero   RW         3295    .bss                idle.o
    0x200002bc        -       0x0000010c   Zero   RW         3582    .bss                kservice.o
    0x200003c8        -       0x00000100   Zero   RW         3966    .bss                scheduler.o
    0x200004c8        -       0x00003c44   Zero   RW         4311    .bss                board.o
    0x2000410c        -       0x00000060   Zero   RW         4491    .bss                c_w.l(libspace.o)
    0x2000416c   0x08004d78   0x00000004   PAD
    0x20004170        -       0x00000200   Zero   RW          456    HEAP                startup_stm32f407xx.o
    0x20004370        -       0x00000400   Zero   RW          455    STACK               startup_stm32f407xx.o


==============================================================================

Image component sizes


      Code (inc. data)   RO Data    RW Data    ZI Data      Debug   Object Name

        14          0          4          0          0       1406   all_device.o
       200         24          4          0      15428       4980   board.o
       134         10          0          4          0       2744   clock.o
       218         48         36          0          0       7088   components.o
       316         28          0          0          0        908   context_rvds.o
       588        344          0         16          0       4458   cpuport.o
       880        400        186          0          0      10152   device.o
       190         26          0          8        376       6514   idle.o
      3634       1182        539          0          0      26851   ipc.o
        80         18          0          1          0       2754   irq.o
      1986        334        411         60        268      20194   kservice.o
       540        204         24          4         44       4087   led.o
       394        170          0         12          0     607362   led_control.o
       160         58          0          4          0        635   main.o
      1012        324         86          0          0       7719   memheap.o
       916        318        128        128          0       9374   object.o
       664        114         52         12        256      10924   scheduler.o
        64         26        392          0       1536        832   startup_stm32f407xx.o
        12          6          0         12          0       7069   stm32f4xx_hal.o
        72          0          0          0          0      31540   stm32f4xx_hal_cortex.o
       506         46          0          0          0       2252   stm32f4xx_hal_gpio.o
       108         14          0          0          0       1047   stm32f4xx_hal_msp.o
        76         30          0          0          0       2416   stm32f4xx_hal_rcc.o
       664         10          0          0          0       4304   stm32f4xx_hal_uart.o
        10          0          0          0          0     655217   stm32f4xx_it.o
        16          4          8          4          0       1187   system_stm32f4xx.o
      1884        602        253          0          0      16589   thread.o
      1292        512        108         12          0      14516   timer.o

    ----------------------------------------------------------------------
     16674       4852       2268        280      17908    1465119   Object Totals
         0          0         32          0          0          0   (incl. Generated)
        44          0          5          3          0          0   (incl. Padding)

    ----------------------------------------------------------------------

      Code (inc. data)   RO Data    RW Data    ZI Data      Debug   Library Member Name

         8          0          0          0          0         68   __main.o
         0          0          0          0          0          0   __rtentry.o
        12          0          0          0          0          0   __rtentry2.o
         6          0          0          0          0          0   __rtentry4.o
        52          8          0          0          0          0   __scatter.o
        26          0          0          0          0          0   __scatter_copy.o
        28          0          0          0          0          0   __scatter_zi.o
        18          0          0          0          0         80   exit.o
         6          0          0          0          0        152   heapauxi.o
         0          0          0          0          0          0   indicate_semi.o
         2          0          0          0          0          0   libinit.o
         6          0          0          0          0          0   libinit2.o
         2          0          0          0          0          0   libshutdown.o
         2          0          0          0          0          0   libshutdown2.o
         8          4          0          0         96         68   libspace.o
       238          0          0          0          0        100   lludivv7m.o
        78          0          0          0          0         80   rt_memclr_w.o
         2          0          0          0          0          0   rtexit.o
        10          0          0          0          0          0   rtexit2.o
        12          4          0          0          0         68   sys_exit.o
        74          0          0          0          0         80   sys_stackheap_outer.o
         2          0          0          0          0         68   use_no_semi.o
        10          0          0          0          0        116   fpinit.o

    ----------------------------------------------------------------------
       610         16          0          0        100        880   Library Totals
         8          0          0          0          4          0   (incl. Padding)

    ----------------------------------------------------------------------

      Code (inc. data)   RO Data    RW Data    ZI Data      Debug   Library Name

       592         16          0          0         96        764   c_w.l
        10          0          0          0          0        116   fz_wm.l

    ----------------------------------------------------------------------
       610         16          0          0        100        880   Library Totals

    ----------------------------------------------------------------------

==============================================================================


      Code (inc. data)   RO Data    RW Data    ZI Data      Debug   

     17284       4868       2268        280      18008    1451339   Grand Totals
     17284       4868       2268        280      18008    1451339   ELF Image Totals
     17284       4868       2268        280          0          0   ROM Totals

==============================================================================

    Total RO  Size (Code + RO Data)                19552 (  19.09kB)
    Total RW  Size (RW Data + ZI Data)             18288 (  17.86kB)
    Total ROM Size (Code + RO Data + RW Data)      19832 (  19.37kB)

==============================================================================

